###############################################################################
#
# IAR ELF Linker V7.10.1.6676/W32 for ARM                 28/Apr/2014  18:33:54
# Copyright 2007-2014 IAR Systems AB.
#
#    Output file  =  
#        C:\Users\TOUCHI\Desktop\PFE\Logiciels\stm32f4_dsp_stdperiph_lib\STM32F4xx_DSP_StdPeriph_Lib_V1.3.0\Project\STM32F4xx_StdPeriph_Templates\EWARM\STM32F40_41xxx\Exe\Project.out
#    Map file     =  
#        C:\Users\TOUCHI\Desktop\PFE\Logiciels\stm32f4_dsp_stdperiph_lib\STM32F4xx_DSP_StdPeriph_Lib_V1.3.0\Project\STM32F4xx_StdPeriph_Templates\EWARM\STM32F40_41xxx\List\Project.map
#    Command line =  
#        C:\Users\TOUCHI\Desktop\PFE\Logiciels\stm32f4_dsp_stdperiph_lib\STM32F4xx_DSP_StdPeriph_Lib_V1.3.0\Project\STM32F4xx_StdPeriph_Templates\EWARM\STM32F40_41xxx\Obj\main.o
#        C:\Users\TOUCHI\Desktop\PFE\Logiciels\stm32f4_dsp_stdperiph_lib\STM32F4xx_DSP_StdPeriph_Lib_V1.3.0\Project\STM32F4xx_StdPeriph_Templates\EWARM\STM32F40_41xxx\Obj\misc.o
#        C:\Users\TOUCHI\Desktop\PFE\Logiciels\stm32f4_dsp_stdperiph_lib\STM32F4xx_DSP_StdPeriph_Lib_V1.3.0\Project\STM32F4xx_StdPeriph_Templates\EWARM\STM32F40_41xxx\Obj\startup_stm32f40_41xxx.o
#        C:\Users\TOUCHI\Desktop\PFE\Logiciels\stm32f4_dsp_stdperiph_lib\STM32F4xx_DSP_StdPeriph_Lib_V1.3.0\Project\STM32F4xx_StdPeriph_Templates\EWARM\STM32F40_41xxx\Obj\stm32f4xx_adc.o
#        C:\Users\TOUCHI\Desktop\PFE\Logiciels\stm32f4_dsp_stdperiph_lib\STM32F4xx_DSP_StdPeriph_Lib_V1.3.0\Project\STM32F4xx_StdPeriph_Templates\EWARM\STM32F40_41xxx\Obj\stm32f4xx_can.o
#        C:\Users\TOUCHI\Desktop\PFE\Logiciels\stm32f4_dsp_stdperiph_lib\STM32F4xx_DSP_StdPeriph_Lib_V1.3.0\Project\STM32F4xx_StdPeriph_Templates\EWARM\STM32F40_41xxx\Obj\stm32f4xx_crc.o
#        C:\Users\TOUCHI\Desktop\PFE\Logiciels\stm32f4_dsp_stdperiph_lib\STM32F4xx_DSP_StdPeriph_Lib_V1.3.0\Project\STM32F4xx_StdPeriph_Templates\EWARM\STM32F40_41xxx\Obj\stm32f4xx_cryp.o
#        C:\Users\TOUCHI\Desktop\PFE\Logiciels\stm32f4_dsp_stdperiph_lib\STM32F4xx_DSP_StdPeriph_Lib_V1.3.0\Project\STM32F4xx_StdPeriph_Templates\EWARM\STM32F40_41xxx\Obj\stm32f4xx_cryp_aes.o
#        C:\Users\TOUCHI\Desktop\PFE\Logiciels\stm32f4_dsp_stdperiph_lib\STM32F4xx_DSP_StdPeriph_Lib_V1.3.0\Project\STM32F4xx_StdPeriph_Templates\EWARM\STM32F40_41xxx\Obj\stm32f4xx_cryp_des.o
#        C:\Users\TOUCHI\Desktop\PFE\Logiciels\stm32f4_dsp_stdperiph_lib\STM32F4xx_DSP_StdPeriph_Lib_V1.3.0\Project\STM32F4xx_StdPeriph_Templates\EWARM\STM32F40_41xxx\Obj\stm32f4xx_cryp_tdes.o
#        C:\Users\TOUCHI\Desktop\PFE\Logiciels\stm32f4_dsp_stdperiph_lib\STM32F4xx_DSP_StdPeriph_Lib_V1.3.0\Project\STM32F4xx_StdPeriph_Templates\EWARM\STM32F40_41xxx\Obj\stm32f4xx_dac.o
#        C:\Users\TOUCHI\Desktop\PFE\Logiciels\stm32f4_dsp_stdperiph_lib\STM32F4xx_DSP_StdPeriph_Lib_V1.3.0\Project\STM32F4xx_StdPeriph_Templates\EWARM\STM32F40_41xxx\Obj\stm32f4xx_dbgmcu.o
#        C:\Users\TOUCHI\Desktop\PFE\Logiciels\stm32f4_dsp_stdperiph_lib\STM32F4xx_DSP_StdPeriph_Lib_V1.3.0\Project\STM32F4xx_StdPeriph_Templates\EWARM\STM32F40_41xxx\Obj\stm32f4xx_dcmi.o
#        C:\Users\TOUCHI\Desktop\PFE\Logiciels\stm32f4_dsp_stdperiph_lib\STM32F4xx_DSP_StdPeriph_Lib_V1.3.0\Project\STM32F4xx_StdPeriph_Templates\EWARM\STM32F40_41xxx\Obj\stm32f4xx_dma.o
#        C:\Users\TOUCHI\Desktop\PFE\Logiciels\stm32f4_dsp_stdperiph_lib\STM32F4xx_DSP_StdPeriph_Lib_V1.3.0\Project\STM32F4xx_StdPeriph_Templates\EWARM\STM32F40_41xxx\Obj\stm32f4xx_dma2d.o
#        C:\Users\TOUCHI\Desktop\PFE\Logiciels\stm32f4_dsp_stdperiph_lib\STM32F4xx_DSP_StdPeriph_Lib_V1.3.0\Project\STM32F4xx_StdPeriph_Templates\EWARM\STM32F40_41xxx\Obj\stm32f4xx_exti.o
#        C:\Users\TOUCHI\Desktop\PFE\Logiciels\stm32f4_dsp_stdperiph_lib\STM32F4xx_DSP_StdPeriph_Lib_V1.3.0\Project\STM32F4xx_StdPeriph_Templates\EWARM\STM32F40_41xxx\Obj\stm32f4xx_flash.o
#        C:\Users\TOUCHI\Desktop\PFE\Logiciels\stm32f4_dsp_stdperiph_lib\STM32F4xx_DSP_StdPeriph_Lib_V1.3.0\Project\STM32F4xx_StdPeriph_Templates\EWARM\STM32F40_41xxx\Obj\stm32f4xx_fsmc.o
#        C:\Users\TOUCHI\Desktop\PFE\Logiciels\stm32f4_dsp_stdperiph_lib\STM32F4xx_DSP_StdPeriph_Lib_V1.3.0\Project\STM32F4xx_StdPeriph_Templates\EWARM\STM32F40_41xxx\Obj\stm32f4xx_gpio.o
#        C:\Users\TOUCHI\Desktop\PFE\Logiciels\stm32f4_dsp_stdperiph_lib\STM32F4xx_DSP_StdPeriph_Lib_V1.3.0\Project\STM32F4xx_StdPeriph_Templates\EWARM\STM32F40_41xxx\Obj\stm32f4xx_hash.o
#        C:\Users\TOUCHI\Desktop\PFE\Logiciels\stm32f4_dsp_stdperiph_lib\STM32F4xx_DSP_StdPeriph_Lib_V1.3.0\Project\STM32F4xx_StdPeriph_Templates\EWARM\STM32F40_41xxx\Obj\stm32f4xx_hash_md5.o
#        C:\Users\TOUCHI\Desktop\PFE\Logiciels\stm32f4_dsp_stdperiph_lib\STM32F4xx_DSP_StdPeriph_Lib_V1.3.0\Project\STM32F4xx_StdPeriph_Templates\EWARM\STM32F40_41xxx\Obj\stm32f4xx_hash_sha1.o
#        C:\Users\TOUCHI\Desktop\PFE\Logiciels\stm32f4_dsp_stdperiph_lib\STM32F4xx_DSP_StdPeriph_Lib_V1.3.0\Project\STM32F4xx_StdPeriph_Templates\EWARM\STM32F40_41xxx\Obj\stm32f4xx_i2c.o
#        C:\Users\TOUCHI\Desktop\PFE\Logiciels\stm32f4_dsp_stdperiph_lib\STM32F4xx_DSP_StdPeriph_Lib_V1.3.0\Project\STM32F4xx_StdPeriph_Templates\EWARM\STM32F40_41xxx\Obj\stm32f4xx_it.o
#        C:\Users\TOUCHI\Desktop\PFE\Logiciels\stm32f4_dsp_stdperiph_lib\STM32F4xx_DSP_StdPeriph_Lib_V1.3.0\Project\STM32F4xx_StdPeriph_Templates\EWARM\STM32F40_41xxx\Obj\stm32f4xx_iwdg.o
#        C:\Users\TOUCHI\Desktop\PFE\Logiciels\stm32f4_dsp_stdperiph_lib\STM32F4xx_DSP_StdPeriph_Lib_V1.3.0\Project\STM32F4xx_StdPeriph_Templates\EWARM\STM32F40_41xxx\Obj\stm32f4xx_ltdc.o
#        C:\Users\TOUCHI\Desktop\PFE\Logiciels\stm32f4_dsp_stdperiph_lib\STM32F4xx_DSP_StdPeriph_Lib_V1.3.0\Project\STM32F4xx_StdPeriph_Templates\EWARM\STM32F40_41xxx\Obj\stm32f4xx_pwr.o
#        C:\Users\TOUCHI\Desktop\PFE\Logiciels\stm32f4_dsp_stdperiph_lib\STM32F4xx_DSP_StdPeriph_Lib_V1.3.0\Project\STM32F4xx_StdPeriph_Templates\EWARM\STM32F40_41xxx\Obj\stm32f4xx_rcc.o
#        C:\Users\TOUCHI\Desktop\PFE\Logiciels\stm32f4_dsp_stdperiph_lib\STM32F4xx_DSP_StdPeriph_Lib_V1.3.0\Project\STM32F4xx_StdPeriph_Templates\EWARM\STM32F40_41xxx\Obj\stm32f4xx_rng.o
#        C:\Users\TOUCHI\Desktop\PFE\Logiciels\stm32f4_dsp_stdperiph_lib\STM32F4xx_DSP_StdPeriph_Lib_V1.3.0\Project\STM32F4xx_StdPeriph_Templates\EWARM\STM32F40_41xxx\Obj\stm32f4xx_rtc.o
#        C:\Users\TOUCHI\Desktop\PFE\Logiciels\stm32f4_dsp_stdperiph_lib\STM32F4xx_DSP_StdPeriph_Lib_V1.3.0\Project\STM32F4xx_StdPeriph_Templates\EWARM\STM32F40_41xxx\Obj\stm32f4xx_sai.o
#        C:\Users\TOUCHI\Desktop\PFE\Logiciels\stm32f4_dsp_stdperiph_lib\STM32F4xx_DSP_StdPeriph_Lib_V1.3.0\Project\STM32F4xx_StdPeriph_Templates\EWARM\STM32F40_41xxx\Obj\stm32f4xx_sdio.o
#        C:\Users\TOUCHI\Desktop\PFE\Logiciels\stm32f4_dsp_stdperiph_lib\STM32F4xx_DSP_StdPeriph_Lib_V1.3.0\Project\STM32F4xx_StdPeriph_Templates\EWARM\STM32F40_41xxx\Obj\stm32f4xx_spi.o
#        C:\Users\TOUCHI\Desktop\PFE\Logiciels\stm32f4_dsp_stdperiph_lib\STM32F4xx_DSP_StdPeriph_Lib_V1.3.0\Project\STM32F4xx_StdPeriph_Templates\EWARM\STM32F40_41xxx\Obj\stm32f4xx_syscfg.o
#        C:\Users\TOUCHI\Desktop\PFE\Logiciels\stm32f4_dsp_stdperiph_lib\STM32F4xx_DSP_StdPeriph_Lib_V1.3.0\Project\STM32F4xx_StdPeriph_Templates\EWARM\STM32F40_41xxx\Obj\stm32f4xx_tim.o
#        C:\Users\TOUCHI\Desktop\PFE\Logiciels\stm32f4_dsp_stdperiph_lib\STM32F4xx_DSP_StdPeriph_Lib_V1.3.0\Project\STM32F4xx_StdPeriph_Templates\EWARM\STM32F40_41xxx\Obj\stm32f4xx_usart.o
#        C:\Users\TOUCHI\Desktop\PFE\Logiciels\stm32f4_dsp_stdperiph_lib\STM32F4xx_DSP_StdPeriph_Lib_V1.3.0\Project\STM32F4xx_StdPeriph_Templates\EWARM\STM32F40_41xxx\Obj\stm32f4xx_wwdg.o
#        C:\Users\TOUCHI\Desktop\PFE\Logiciels\stm32f4_dsp_stdperiph_lib\STM32F4xx_DSP_StdPeriph_Lib_V1.3.0\Project\STM32F4xx_StdPeriph_Templates\EWARM\STM32F40_41xxx\Obj\system_stm32f4xx.o
#        --redirect _Printf=_PrintfSmall --redirect _Scanf=_ScanfSmall -o
#        C:\Users\TOUCHI\Desktop\PFE\Logiciels\stm32f4_dsp_stdperiph_lib\STM32F4xx_DSP_StdPeriph_Lib_V1.3.0\Project\STM32F4xx_StdPeriph_Templates\EWARM\STM32F40_41xxx\Exe\Project.out
#        --map
#        C:\Users\TOUCHI\Desktop\PFE\Logiciels\stm32f4_dsp_stdperiph_lib\STM32F4xx_DSP_StdPeriph_Lib_V1.3.0\Project\STM32F4xx_StdPeriph_Templates\EWARM\STM32F40_41xxx\List\Project.map
#        --config
#        C:\Users\TOUCHI\Desktop\PFE\Logiciels\stm32f4_dsp_stdperiph_lib\STM32F4xx_DSP_StdPeriph_Lib_V1.3.0\Project\STM32F4xx_StdPeriph_Templates\EWARM\stm32f4xx_flash.icf
#        --semihosting --entry __iar_program_start --vfe
#
###############################################################################

*******************************************************************************
*** RUNTIME MODEL ATTRIBUTES
***

CppFlavor       = *
__SystemLibrary = DLib


*******************************************************************************
*** PLACEMENT SUMMARY
***

"A1":  place at 0x08000000 { ro section .intvec };
"P1":  place in [from 0x08000000 to 0x081fffff] { ro };
"P2":  place in [from 0x20000000 to 0x2002ffff] { rw, block CSTACK, block HEAP };

  Section          Kind        Address   Size  Object
  -------          ----        -------   ----  ------
"A1":                                   0x188
  .intvec          ro code  0x08000000  0x188  startup_stm32f40_41xxx.o [1]
                          - 0x08000188  0x188

"P1":                                   0x8d0
  .text            ro code  0x08000188  0x304  stm32f4xx_can.o [1]
  .text            ro code  0x0800048c   0x44  stm32f4xx_rcc.o [1]
  .text            ro code  0x080004d0  0x15c  main.o [1]
  .text            ro code  0x0800062c   0x68  misc.o [1]
  .text            ro code  0x08000694   0x94  stm32f4xx_gpio.o [1]
  .text            ro code  0x08000728   0xf0  system_stm32f4xx.o [1]
  .text            ro code  0x08000818   0x28  data_init.o [5]
  .text            ro code  0x08000840   0x24  stm32f4xx_it.o [1]
  .text            ro code  0x08000864   0x22  zero_init3.o [5]
  .iar.init_table  const    0x08000888   0x10  - Linker created -
  .text            ro code  0x08000898   0x1a  fpinit_M.o [4]
  .text            ro code  0x080008b4   0x1a  cmain.o [5]
  .text            ro code  0x080008ce    0x4  low_level_init.o [3]
  .text            ro code  0x080008d2    0x4  exit.o [3]
  .text            ro code  0x080008d8    0xa  cexit.o [5]
  .text            ro code  0x080008e4   0x14  exit.o [6]
  .text            ro code  0x080008f8   0x10  startup_stm32f40_41xxx.o [1]
  .text            ro code  0x08000908    0xc  cstartup_M.o [5]
  .text            ro code  0x08000914    0x4  startup_stm32f40_41xxx.o [1]
  .text            ro code  0x08000918    0x4  startup_stm32f40_41xxx.o [1]
  .text            ro code  0x0800091c    0x4  startup_stm32f40_41xxx.o [1]
  .text            ro code  0x08000920    0x4  startup_stm32f40_41xxx.o [1]
  .text            ro code  0x08000924    0x4  startup_stm32f40_41xxx.o [1]
  .text            ro code  0x08000928    0x4  startup_stm32f40_41xxx.o [1]
  .text            ro code  0x0800092c    0x4  startup_stm32f40_41xxx.o [1]
  .text            ro code  0x08000930    0x4  startup_stm32f40_41xxx.o [1]
  .text            ro code  0x08000934    0x4  startup_stm32f40_41xxx.o [1]
  .text            ro code  0x08000938    0x4  startup_stm32f40_41xxx.o [1]
  .text            ro code  0x0800093c    0x4  startup_stm32f40_41xxx.o [1]
  .text            ro code  0x08000940    0x4  startup_stm32f40_41xxx.o [1]
  .text            ro code  0x08000944    0x4  startup_stm32f40_41xxx.o [1]
  .text            ro code  0x08000948    0x4  startup_stm32f40_41xxx.o [1]
  .text            ro code  0x0800094c    0x4  startup_stm32f40_41xxx.o [1]
  .text            ro code  0x08000950    0x4  startup_stm32f40_41xxx.o [1]
  .text            ro code  0x08000954    0x4  startup_stm32f40_41xxx.o [1]
  .text            ro code  0x08000958    0x4  startup_stm32f40_41xxx.o [1]
  .text            ro code  0x0800095c    0x4  startup_stm32f40_41xxx.o [1]
  .text            ro code  0x08000960    0x4  startup_stm32f40_41xxx.o [1]
  .text            ro code  0x08000964    0x4  startup_stm32f40_41xxx.o [1]
  .text            ro code  0x08000968    0x4  startup_stm32f40_41xxx.o [1]
  .text            ro code  0x0800096c    0x4  startup_stm32f40_41xxx.o [1]
  .text            ro code  0x08000970    0x4  startup_stm32f40_41xxx.o [1]
  .text            ro code  0x08000974    0x4  startup_stm32f40_41xxx.o [1]
  .text            ro code  0x08000978    0x4  startup_stm32f40_41xxx.o [1]
  .text            ro code  0x0800097c    0x4  startup_stm32f40_41xxx.o [1]
  .text            ro code  0x08000980    0x4  startup_stm32f40_41xxx.o [1]
  .text            ro code  0x08000984    0x4  startup_stm32f40_41xxx.o [1]
  .text            ro code  0x08000988    0x4  startup_stm32f40_41xxx.o [1]
  .text            ro code  0x0800098c    0x4  startup_stm32f40_41xxx.o [1]
  .text            ro code  0x08000990    0x4  startup_stm32f40_41xxx.o [1]
  .text            ro code  0x08000994    0x4  startup_stm32f40_41xxx.o [1]
  .text            ro code  0x08000998    0x4  startup_stm32f40_41xxx.o [1]
  .text            ro code  0x0800099c    0x4  startup_stm32f40_41xxx.o [1]
  .text            ro code  0x080009a0    0x4  startup_stm32f40_41xxx.o [1]
  .text            ro code  0x080009a4    0x4  startup_stm32f40_41xxx.o [1]
  .text            ro code  0x080009a8    0x4  startup_stm32f40_41xxx.o [1]
  .text            ro code  0x080009ac    0x4  startup_stm32f40_41xxx.o [1]
  .text            ro code  0x080009b0    0x4  startup_stm32f40_41xxx.o [1]
  .text            ro code  0x080009b4    0x4  startup_stm32f40_41xxx.o [1]
  .text            ro code  0x080009b8    0x4  startup_stm32f40_41xxx.o [1]
  .text            ro code  0x080009bc    0x4  startup_stm32f40_41xxx.o [1]
  .text            ro code  0x080009c0    0x4  startup_stm32f40_41xxx.o [1]
  .text            ro code  0x080009c4    0x4  startup_stm32f40_41xxx.o [1]
  .text            ro code  0x080009c8    0x4  startup_stm32f40_41xxx.o [1]
  .text            ro code  0x080009cc    0x4  startup_stm32f40_41xxx.o [1]
  .text            ro code  0x080009d0    0x4  startup_stm32f40_41xxx.o [1]
  .text            ro code  0x080009d4    0x4  startup_stm32f40_41xxx.o [1]
  .text            ro code  0x080009d8    0x4  startup_stm32f40_41xxx.o [1]
  .text            ro code  0x080009dc    0x4  startup_stm32f40_41xxx.o [1]
  .text            ro code  0x080009e0    0x4  startup_stm32f40_41xxx.o [1]
  .text            ro code  0x080009e4    0x4  startup_stm32f40_41xxx.o [1]
  .text            ro code  0x080009e8    0x4  startup_stm32f40_41xxx.o [1]
  .text            ro code  0x080009ec    0x4  startup_stm32f40_41xxx.o [1]
  .text            ro code  0x080009f0    0x4  startup_stm32f40_41xxx.o [1]
  .text            ro code  0x080009f4    0x4  startup_stm32f40_41xxx.o [1]
  .text            ro code  0x080009f8    0x4  startup_stm32f40_41xxx.o [1]
  .text            ro code  0x080009fc    0x4  startup_stm32f40_41xxx.o [1]
  .text            ro code  0x08000a00    0x4  startup_stm32f40_41xxx.o [1]
  .text            ro code  0x08000a04    0x4  startup_stm32f40_41xxx.o [1]
  .text            ro code  0x08000a08    0x4  startup_stm32f40_41xxx.o [1]
  .text            ro code  0x08000a0c    0x4  startup_stm32f40_41xxx.o [1]
  .text            ro code  0x08000a10    0x4  startup_stm32f40_41xxx.o [1]
  .text            ro code  0x08000a14    0x4  startup_stm32f40_41xxx.o [1]
  .text            ro code  0x08000a18    0x4  startup_stm32f40_41xxx.o [1]
  .text            ro code  0x08000a1c    0x4  startup_stm32f40_41xxx.o [1]
  .text            ro code  0x08000a20    0x4  startup_stm32f40_41xxx.o [1]
  .text            ro code  0x08000a24    0x4  startup_stm32f40_41xxx.o [1]
  .text            ro code  0x08000a28    0x4  startup_stm32f40_41xxx.o [1]
  .text            ro code  0x08000a2c    0x4  startup_stm32f40_41xxx.o [1]
  .text            ro code  0x08000a30    0x4  startup_stm32f40_41xxx.o [1]
  .text            ro code  0x08000a34    0x4  startup_stm32f40_41xxx.o [1]
  .text            ro code  0x08000a38    0x4  startup_stm32f40_41xxx.o [1]
  .text            ro code  0x08000a3c    0x4  startup_stm32f40_41xxx.o [1]
  .text            ro code  0x08000a40    0x4  startup_stm32f40_41xxx.o [1]
  .text            ro code  0x08000a44    0x4  startup_stm32f40_41xxx.o [1]
  .text            ro code  0x08000a48    0x4  startup_stm32f40_41xxx.o [1]
  .text            ro code  0x08000a4c    0x4  startup_stm32f40_41xxx.o [1]
  .text            ro code  0x08000a50    0x4  startup_stm32f40_41xxx.o [1]
  .text            ro code  0x08000a54    0x4  startup_stm32f40_41xxx.o [1]
  .rodata          const    0x08000a58    0x0  zero_init3.o [5]
                          - 0x08000a58  0x8d0

"P2", part 1 of 2:                       0x48
  .bss             zero     0x20000000   0x1c  main.o [1]
  .bss             zero     0x2000001c   0x14  main.o [1]
  .bss             zero     0x20000030   0x14  stm32f4xx_it.o [1]
                          - 0x20000044   0x44

"P2", part 2 of 2:                      0x400
  CSTACK                    0x20000048  0x400  <Block>
    CSTACK         uninit   0x20000048  0x400  <Block tail>
                          - 0x20000448  0x400


*******************************************************************************
*** INIT TABLE
***

          Address     Size
          -------     ----
Zero (__iar_zero_init3)
    1 destination range, total size 0x44:
          0x20000000  0x44



*******************************************************************************
*** MODULE SUMMARY
***

    Module                    ro code  ro data  rw data
    ------                    -------  -------  -------
C:\Users\TOUCHI\Desktop\PFE\Logiciels\stm32f4_dsp_stdperiph_lib\STM32F4xx_DSP_StdPeriph_Lib_V1.3.0\Project\STM32F4xx_StdPeriph_Templates\EWARM\STM32F40_41xxx\Obj: [1]
    main.o                        348                48
    misc.o                        104
    startup_stm32f40_41xxx.o      732
    stm32f4xx_can.o               772
    stm32f4xx_gpio.o              148
    stm32f4xx_it.o                 36                20
    stm32f4xx_rcc.o                68
    system_stm32f4xx.o            240
    ---------------------------------------------------
    Total:                      2 448                68

command line: [2]
    ---------------------------------------------------
    Total:

dl7M_tln.a: [3]
    exit.o                          4
    low_level_init.o                4
    ---------------------------------------------------
    Total:                          8

m7M_tlv.a: [4]
    fpinit_M.o                     26
    ---------------------------------------------------
    Total:                         26

rt7M_tl.a: [5]
    cexit.o                        10
    cmain.o                        26
    cstartup_M.o                   12
    data_init.o                    40
    zero_init3.o                   34
    ---------------------------------------------------
    Total:                        122

shb_l.a: [6]
    exit.o                         20
    ---------------------------------------------------
    Total:                         20

    Gaps                            6        2
    Linker created                          16    1 024
-------------------------------------------------------
    Grand Total:                2 630       18    1 092


*******************************************************************************
*** ENTRY LIST
***

Entry                      Address  Size  Type      Object
-----                      -------  ----  ----      ------
?main                   0x080008b5        Code  Gb  cmain.o [5]
BusFault_Handler        0x08000847   0x2  Code  Gb  stm32f4xx_it.o [1]
CAN1_RX0_IRQHandler     0x08000853   0xa  Code  Gb  stm32f4xx_it.o [1]
CAN_Config              0x08000519  0xde  Code  Lc  main.o [1]
CAN_DeInit              0x08000189  0x34  Code  Gb  stm32f4xx_can.o [1]
CAN_FilterInit          0x08000299  0xaa  Code  Gb  stm32f4xx_can.o [1]
CAN_FilterInitStructure
                        0x20000000  0x10  Data  Gb  main.o [1]
CAN_ITConfig            0x0800046f  0x10  Code  Gb  stm32f4xx_can.o [1]
CAN_Init                0x080001bd  0xdc  Code  Gb  stm32f4xx_can.o [1]
CAN_InitStructure       0x20000010   0xc  Data  Gb  main.o [1]
CAN_Receive             0x080003f3  0x7c  Code  Gb  stm32f4xx_can.o [1]
CAN_Transmit            0x08000343  0xb0  Code  Gb  stm32f4xx_can.o [1]
CSTACK$$Base            0x20000048         --   Gb  - Linker created -
CSTACK$$Limit           0x20000448         --   Gb  - Linker created -
DebugMon_Handler        0x0800084d   0x2  Code  Gb  stm32f4xx_it.o [1]
GPIO_Init               0x08000695  0x70  Code  Gb  stm32f4xx_gpio.o [1]
GPIO_PinAFConfig        0x08000705  0x24  Code  Gb  stm32f4xx_gpio.o [1]
HardFault_Handler       0x08000843   0x2  Code  Gb  stm32f4xx_it.o [1]
MemManage_Handler       0x08000845   0x2  Code  Gb  stm32f4xx_it.o [1]
NMI_Handler             0x08000841   0x2  Code  Gb  stm32f4xx_it.o [1]
NVIC_Init               0x0800062d  0x58  Code  Gb  misc.o [1]
PendSV_Handler          0x0800084f   0x2  Code  Gb  stm32f4xx_it.o [1]
RCC_AHB1PeriphClockCmd  0x0800048d  0x12  Code  Gb  stm32f4xx_rcc.o [1]
RCC_APB1PeriphClockCmd  0x0800049f  0x12  Code  Gb  stm32f4xx_rcc.o [1]
RCC_APB1PeriphResetCmd  0x080004b1  0x12  Code  Gb  stm32f4xx_rcc.o [1]
Region$$Table$$Base     0x08000888         --   Gb  - Linker created -
Region$$Table$$Limit    0x08000898         --   Gb  - Linker created -
RxMessage               0x20000030  0x14  Data  Gb  stm32f4xx_it.o [1]
SVC_Handler             0x0800084b   0x2  Code  Gb  stm32f4xx_it.o [1]
SysTick_Handler         0x08000851   0x2  Code  Gb  stm32f4xx_it.o [1]
SystemInit              0x08000729  0xce  Code  Gb  system_stm32f4xx.o [1]
TxMessage               0x2000001c  0x14  Data  Gb  main.o [1]
UsageFault_Handler      0x08000849   0x2  Code  Gb  stm32f4xx_it.o [1]
__cmain                 0x080008b5        Code  Gb  cmain.o [5]
__exit                  0x080008e5  0x14  Code  Gb  exit.o [6]
__iar_data_init3        0x08000819  0x28  Code  Gb  data_init.o [5]
__iar_init_vfp          0x08000899        Code  Gb  fpinit_M.o [4]
__iar_program_start     0x08000909        Code  Gb  cstartup_M.o [5]
__iar_zero_init3        0x08000865  0x22  Code  Gb  zero_init3.o [5]
__low_level_init        0x080008cf   0x4  Code  Gb  low_level_init.o [3]
__vector_table          0x08000000        Data  Gb  startup_stm32f40_41xxx.o [1]
_call_main              0x080008c1        Code  Gb  cmain.o [5]
_exit                   0x080008d9        Code  Gb  cexit.o [5]
_main                   0x080008cb        Code  Gb  cmain.o [5]
exit                    0x080008d3   0x4  Code  Gb  exit.o [3]
main                    0x080004d1  0x48  Code  Gb  main.o [1]


[1] = C:\Users\TOUCHI\Desktop\PFE\Logiciels\stm32f4_dsp_stdperiph_lib\STM32F4xx_DSP_StdPeriph_Lib_V1.3.0\Project\STM32F4xx_StdPeriph_Templates\EWARM\STM32F40_41xxx\Obj
[2] = command line
[3] = dl7M_tln.a
[4] = m7M_tlv.a
[5] = rt7M_tl.a
[6] = shb_l.a

  2 630 bytes of readonly  code memory
     18 bytes of readonly  data memory
  1 092 bytes of readwrite data memory

Errors: none
Warnings: none
