###############################################################################
#
# IAR ELF Linker V7.10.1.6676/W32 for ARM                 10/Apr/2014  12:44:02
# Copyright 2007-2014 IAR Systems AB.
#
#    Output file  =  
#        C:\Users\TOUCHI\Desktop\PFE\Logiciels\stm32f4_dsp_stdperiph_lib\STM32F4xx_DSP_StdPeriph_Lib_V1.3.0\Project\STM32F4xx_StdPeriph_Templates\EWARM\STM32F429_439xx\Exe\Project.out
#    Map file     =  
#        C:\Users\TOUCHI\Desktop\PFE\Logiciels\stm32f4_dsp_stdperiph_lib\STM32F4xx_DSP_StdPeriph_Lib_V1.3.0\Project\STM32F4xx_StdPeriph_Templates\EWARM\STM32F429_439xx\List\Project.map
#    Command line =  
#        C:\Users\TOUCHI\Desktop\PFE\Logiciels\stm32f4_dsp_stdperiph_lib\STM32F4xx_DSP_StdPeriph_Lib_V1.3.0\Project\STM32F4xx_StdPeriph_Templates\EWARM\STM32F429_439xx\Obj\main.o
#        C:\Users\TOUCHI\Desktop\PFE\Logiciels\stm32f4_dsp_stdperiph_lib\STM32F4xx_DSP_StdPeriph_Lib_V1.3.0\Project\STM32F4xx_StdPeriph_Templates\EWARM\STM32F429_439xx\Obj\misc.o
#        C:\Users\TOUCHI\Desktop\PFE\Logiciels\stm32f4_dsp_stdperiph_lib\STM32F4xx_DSP_StdPeriph_Lib_V1.3.0\Project\STM32F4xx_StdPeriph_Templates\EWARM\STM32F429_439xx\Obj\startup_stm32f429_439xx.o
#        C:\Users\TOUCHI\Desktop\PFE\Logiciels\stm32f4_dsp_stdperiph_lib\STM32F4xx_DSP_StdPeriph_Lib_V1.3.0\Project\STM32F4xx_StdPeriph_Templates\EWARM\STM32F429_439xx\Obj\stm32f4xx_adc.o
#        C:\Users\TOUCHI\Desktop\PFE\Logiciels\stm32f4_dsp_stdperiph_lib\STM32F4xx_DSP_StdPeriph_Lib_V1.3.0\Project\STM32F4xx_StdPeriph_Templates\EWARM\STM32F429_439xx\Obj\stm32f4xx_can.o
#        C:\Users\TOUCHI\Desktop\PFE\Logiciels\stm32f4_dsp_stdperiph_lib\STM32F4xx_DSP_StdPeriph_Lib_V1.3.0\Project\STM32F4xx_StdPeriph_Templates\EWARM\STM32F429_439xx\Obj\stm32f4xx_crc.o
#        C:\Users\TOUCHI\Desktop\PFE\Logiciels\stm32f4_dsp_stdperiph_lib\STM32F4xx_DSP_StdPeriph_Lib_V1.3.0\Project\STM32F4xx_StdPeriph_Templates\EWARM\STM32F429_439xx\Obj\stm32f4xx_cryp.o
#        C:\Users\TOUCHI\Desktop\PFE\Logiciels\stm32f4_dsp_stdperiph_lib\STM32F4xx_DSP_StdPeriph_Lib_V1.3.0\Project\STM32F4xx_StdPeriph_Templates\EWARM\STM32F429_439xx\Obj\stm32f4xx_cryp_aes.o
#        C:\Users\TOUCHI\Desktop\PFE\Logiciels\stm32f4_dsp_stdperiph_lib\STM32F4xx_DSP_StdPeriph_Lib_V1.3.0\Project\STM32F4xx_StdPeriph_Templates\EWARM\STM32F429_439xx\Obj\stm32f4xx_cryp_des.o
#        C:\Users\TOUCHI\Desktop\PFE\Logiciels\stm32f4_dsp_stdperiph_lib\STM32F4xx_DSP_StdPeriph_Lib_V1.3.0\Project\STM32F4xx_StdPeriph_Templates\EWARM\STM32F429_439xx\Obj\stm32f4xx_cryp_tdes.o
#        C:\Users\TOUCHI\Desktop\PFE\Logiciels\stm32f4_dsp_stdperiph_lib\STM32F4xx_DSP_StdPeriph_Lib_V1.3.0\Project\STM32F4xx_StdPeriph_Templates\EWARM\STM32F429_439xx\Obj\stm32f4xx_dac.o
#        C:\Users\TOUCHI\Desktop\PFE\Logiciels\stm32f4_dsp_stdperiph_lib\STM32F4xx_DSP_StdPeriph_Lib_V1.3.0\Project\STM32F4xx_StdPeriph_Templates\EWARM\STM32F429_439xx\Obj\stm32f4xx_dbgmcu.o
#        C:\Users\TOUCHI\Desktop\PFE\Logiciels\stm32f4_dsp_stdperiph_lib\STM32F4xx_DSP_StdPeriph_Lib_V1.3.0\Project\STM32F4xx_StdPeriph_Templates\EWARM\STM32F429_439xx\Obj\stm32f4xx_dcmi.o
#        C:\Users\TOUCHI\Desktop\PFE\Logiciels\stm32f4_dsp_stdperiph_lib\STM32F4xx_DSP_StdPeriph_Lib_V1.3.0\Project\STM32F4xx_StdPeriph_Templates\EWARM\STM32F429_439xx\Obj\stm32f4xx_dma.o
#        C:\Users\TOUCHI\Desktop\PFE\Logiciels\stm32f4_dsp_stdperiph_lib\STM32F4xx_DSP_StdPeriph_Lib_V1.3.0\Project\STM32F4xx_StdPeriph_Templates\EWARM\STM32F429_439xx\Obj\stm32f4xx_dma2d.o
#        C:\Users\TOUCHI\Desktop\PFE\Logiciels\stm32f4_dsp_stdperiph_lib\STM32F4xx_DSP_StdPeriph_Lib_V1.3.0\Project\STM32F4xx_StdPeriph_Templates\EWARM\STM32F429_439xx\Obj\stm32f4xx_exti.o
#        C:\Users\TOUCHI\Desktop\PFE\Logiciels\stm32f4_dsp_stdperiph_lib\STM32F4xx_DSP_StdPeriph_Lib_V1.3.0\Project\STM32F4xx_StdPeriph_Templates\EWARM\STM32F429_439xx\Obj\stm32f4xx_flash.o
#        C:\Users\TOUCHI\Desktop\PFE\Logiciels\stm32f4_dsp_stdperiph_lib\STM32F4xx_DSP_StdPeriph_Lib_V1.3.0\Project\STM32F4xx_StdPeriph_Templates\EWARM\STM32F429_439xx\Obj\stm32f4xx_fmc.o
#        C:\Users\TOUCHI\Desktop\PFE\Logiciels\stm32f4_dsp_stdperiph_lib\STM32F4xx_DSP_StdPeriph_Lib_V1.3.0\Project\STM32F4xx_StdPeriph_Templates\EWARM\STM32F429_439xx\Obj\stm32f4xx_gpio.o
#        C:\Users\TOUCHI\Desktop\PFE\Logiciels\stm32f4_dsp_stdperiph_lib\STM32F4xx_DSP_StdPeriph_Lib_V1.3.0\Project\STM32F4xx_StdPeriph_Templates\EWARM\STM32F429_439xx\Obj\stm32f4xx_hash.o
#        C:\Users\TOUCHI\Desktop\PFE\Logiciels\stm32f4_dsp_stdperiph_lib\STM32F4xx_DSP_StdPeriph_Lib_V1.3.0\Project\STM32F4xx_StdPeriph_Templates\EWARM\STM32F429_439xx\Obj\stm32f4xx_hash_md5.o
#        C:\Users\TOUCHI\Desktop\PFE\Logiciels\stm32f4_dsp_stdperiph_lib\STM32F4xx_DSP_StdPeriph_Lib_V1.3.0\Project\STM32F4xx_StdPeriph_Templates\EWARM\STM32F429_439xx\Obj\stm32f4xx_hash_sha1.o
#        C:\Users\TOUCHI\Desktop\PFE\Logiciels\stm32f4_dsp_stdperiph_lib\STM32F4xx_DSP_StdPeriph_Lib_V1.3.0\Project\STM32F4xx_StdPeriph_Templates\EWARM\STM32F429_439xx\Obj\stm32f4xx_i2c.o
#        C:\Users\TOUCHI\Desktop\PFE\Logiciels\stm32f4_dsp_stdperiph_lib\STM32F4xx_DSP_StdPeriph_Lib_V1.3.0\Project\STM32F4xx_StdPeriph_Templates\EWARM\STM32F429_439xx\Obj\stm32f4xx_it.o
#        C:\Users\TOUCHI\Desktop\PFE\Logiciels\stm32f4_dsp_stdperiph_lib\STM32F4xx_DSP_StdPeriph_Lib_V1.3.0\Project\STM32F4xx_StdPeriph_Templates\EWARM\STM32F429_439xx\Obj\stm32f4xx_iwdg.o
#        C:\Users\TOUCHI\Desktop\PFE\Logiciels\stm32f4_dsp_stdperiph_lib\STM32F4xx_DSP_StdPeriph_Lib_V1.3.0\Project\STM32F4xx_StdPeriph_Templates\EWARM\STM32F429_439xx\Obj\stm32f4xx_ltdc.o
#        C:\Users\TOUCHI\Desktop\PFE\Logiciels\stm32f4_dsp_stdperiph_lib\STM32F4xx_DSP_StdPeriph_Lib_V1.3.0\Project\STM32F4xx_StdPeriph_Templates\EWARM\STM32F429_439xx\Obj\stm32f4xx_pwr.o
#        C:\Users\TOUCHI\Desktop\PFE\Logiciels\stm32f4_dsp_stdperiph_lib\STM32F4xx_DSP_StdPeriph_Lib_V1.3.0\Project\STM32F4xx_StdPeriph_Templates\EWARM\STM32F429_439xx\Obj\stm32f4xx_rcc.o
#        C:\Users\TOUCHI\Desktop\PFE\Logiciels\stm32f4_dsp_stdperiph_lib\STM32F4xx_DSP_StdPeriph_Lib_V1.3.0\Project\STM32F4xx_StdPeriph_Templates\EWARM\STM32F429_439xx\Obj\stm32f4xx_rng.o
#        C:\Users\TOUCHI\Desktop\PFE\Logiciels\stm32f4_dsp_stdperiph_lib\STM32F4xx_DSP_StdPeriph_Lib_V1.3.0\Project\STM32F4xx_StdPeriph_Templates\EWARM\STM32F429_439xx\Obj\stm32f4xx_rtc.o
#        C:\Users\TOUCHI\Desktop\PFE\Logiciels\stm32f4_dsp_stdperiph_lib\STM32F4xx_DSP_StdPeriph_Lib_V1.3.0\Project\STM32F4xx_StdPeriph_Templates\EWARM\STM32F429_439xx\Obj\stm32f4xx_sai.o
#        C:\Users\TOUCHI\Desktop\PFE\Logiciels\stm32f4_dsp_stdperiph_lib\STM32F4xx_DSP_StdPeriph_Lib_V1.3.0\Project\STM32F4xx_StdPeriph_Templates\EWARM\STM32F429_439xx\Obj\stm32f4xx_sdio.o
#        C:\Users\TOUCHI\Desktop\PFE\Logiciels\stm32f4_dsp_stdperiph_lib\STM32F4xx_DSP_StdPeriph_Lib_V1.3.0\Project\STM32F4xx_StdPeriph_Templates\EWARM\STM32F429_439xx\Obj\stm32f4xx_spi.o
#        C:\Users\TOUCHI\Desktop\PFE\Logiciels\stm32f4_dsp_stdperiph_lib\STM32F4xx_DSP_StdPeriph_Lib_V1.3.0\Project\STM32F4xx_StdPeriph_Templates\EWARM\STM32F429_439xx\Obj\stm32f4xx_syscfg.o
#        C:\Users\TOUCHI\Desktop\PFE\Logiciels\stm32f4_dsp_stdperiph_lib\STM32F4xx_DSP_StdPeriph_Lib_V1.3.0\Project\STM32F4xx_StdPeriph_Templates\EWARM\STM32F429_439xx\Obj\stm32f4xx_tim.o
#        C:\Users\TOUCHI\Desktop\PFE\Logiciels\stm32f4_dsp_stdperiph_lib\STM32F4xx_DSP_StdPeriph_Lib_V1.3.0\Project\STM32F4xx_StdPeriph_Templates\EWARM\STM32F429_439xx\Obj\stm32f4xx_usart.o
#        C:\Users\TOUCHI\Desktop\PFE\Logiciels\stm32f4_dsp_stdperiph_lib\STM32F4xx_DSP_StdPeriph_Lib_V1.3.0\Project\STM32F4xx_StdPeriph_Templates\EWARM\STM32F429_439xx\Obj\stm32f4xx_wwdg.o
#        C:\Users\TOUCHI\Desktop\PFE\Logiciels\stm32f4_dsp_stdperiph_lib\STM32F4xx_DSP_StdPeriph_Lib_V1.3.0\Project\STM32F4xx_StdPeriph_Templates\EWARM\STM32F429_439xx\Obj\system_stm32f4xx.o
#        --redirect _Printf=_PrintfSmall --redirect _Scanf=_ScanfSmall -o
#        C:\Users\TOUCHI\Desktop\PFE\Logiciels\stm32f4_dsp_stdperiph_lib\STM32F4xx_DSP_StdPeriph_Lib_V1.3.0\Project\STM32F4xx_StdPeriph_Templates\EWARM\STM32F429_439xx\Exe\Project.out
#        --map
#        C:\Users\TOUCHI\Desktop\PFE\Logiciels\stm32f4_dsp_stdperiph_lib\STM32F4xx_DSP_StdPeriph_Lib_V1.3.0\Project\STM32F4xx_StdPeriph_Templates\EWARM\STM32F429_439xx\List\Project.map
#        --config
#        C:\Users\TOUCHI\Desktop\PFE\Logiciels\stm32f4_dsp_stdperiph_lib\STM32F4xx_DSP_StdPeriph_Lib_V1.3.0\Project\STM32F4xx_StdPeriph_Templates\EWARM\stm32f4xx_flash.icf
#        --semihosting --entry __iar_program_start --vfe
#
###############################################################################

*******************************************************************************
*** MESSAGES
***

Error[Li005]: no definition for "STM_EVAL_LEDInit" [referenced from C:\Users\TO
          UCHI\Desktop\PFE\Logiciels\stm32f4_dsp_stdperiph_lib\STM32F4xx_DSP_St
          dPeriph_Lib_V1.3.0\Project\STM32F4xx_StdPeriph_Templates\EWARM\STM32F
          429_439xx\Obj\main.o]
Error[Li005]: no definition for "STM_EVAL_LEDOn" [referenced from C:\Users\TOUC
          HI\Desktop\PFE\Logiciels\stm32f4_dsp_stdperiph_lib\STM32F4xx_DSP_StdP
          eriph_Lib_V1.3.0\Project\STM32F4xx_StdPeriph_Templates\EWARM\STM32F42
          9_439xx\Obj\main.o]


*******************************************************************************
*** RUNTIME MODEL ATTRIBUTES
***

CppFlavor       = *
__SystemLibrary = DLib


*******************************************************************************
*** PLACEMENT SUMMARY
***

"A1":  place at 0x08000000 { ro section .intvec };
"P1":  place in [from 0x08000000 to 0x081fffff] { ro };
"P2":  place in [from 0x20000000 to 0x2002ffff] { rw, block CSTACK, block HEAP };

  Section          Kind        Address   Size  Object
  -------          ----        -------   ----  ------
"A1":                                   0x1ac
  .intvec          ro code  0x08000000  0x1ac  startup_stm32f429_439xx.o [1]
                          - 0x080001ac  0x1ac

"P1":                                   0x824
  .text            ro code  0x080001ac  0x360  stm32f4xx_can.o [1]
  .text            ro code  0x0800050c   0x2c  stm32f4xx_rcc.o [1]
  .text            ro code  0x08000538  0x134  main.o [1]
  .text            ro code  0x0800066c  0x10c  system_stm32f4xx.o [1]
  .text            ro code  0x08000778   0x28  data_init.o [5]
  .text            ro code  0x080007a0   0x22  zero_init3.o [5]
  .iar.init_table  const    0x080007c4   0x10  - Linker created -
  .text            ro code  0x080007d4   0x12  stm32f4xx_it.o [1]
  .text            ro code  0x080007e8   0x1a  fpinit_M.o [4]
  .text            ro code  0x08000804   0x1a  cmain.o [5]
  .text            ro code  0x0800081e    0x4  low_level_init.o [3]
  .text            ro code  0x08000822    0x4  exit.o [3]
  .text            ro code  0x08000828    0xa  cexit.o [5]
  .text            ro code  0x08000834   0x14  exit.o [6]
  .text            ro code  0x08000848   0x10  startup_stm32f429_439xx.o [1]
  .text            ro code  0x08000858    0xc  cstartup_M.o [5]
  .text            ro code  0x08000864    0x4  startup_stm32f429_439xx.o [1]
  .text            ro code  0x08000868    0x4  startup_stm32f429_439xx.o [1]
  .text            ro code  0x0800086c    0x4  startup_stm32f429_439xx.o [1]
  .text            ro code  0x08000870    0x4  startup_stm32f429_439xx.o [1]
  .text            ro code  0x08000874    0x4  startup_stm32f429_439xx.o [1]
  .text            ro code  0x08000878    0x4  startup_stm32f429_439xx.o [1]
  .text            ro code  0x0800087c    0x4  startup_stm32f429_439xx.o [1]
  .text            ro code  0x08000880    0x4  startup_stm32f429_439xx.o [1]
  .text            ro code  0x08000884    0x4  startup_stm32f429_439xx.o [1]
  .text            ro code  0x08000888    0x4  startup_stm32f429_439xx.o [1]
  .text            ro code  0x0800088c    0x4  startup_stm32f429_439xx.o [1]
  .text            ro code  0x08000890    0x4  startup_stm32f429_439xx.o [1]
  .text            ro code  0x08000894    0x4  startup_stm32f429_439xx.o [1]
  .text            ro code  0x08000898    0x4  startup_stm32f429_439xx.o [1]
  .text            ro code  0x0800089c    0x4  startup_stm32f429_439xx.o [1]
  .text            ro code  0x080008a0    0x4  startup_stm32f429_439xx.o [1]
  .text            ro code  0x080008a4    0x4  startup_stm32f429_439xx.o [1]
  .text            ro code  0x080008a8    0x4  startup_stm32f429_439xx.o [1]
  .text            ro code  0x080008ac    0x4  startup_stm32f429_439xx.o [1]
  .text            ro code  0x080008b0    0x4  startup_stm32f429_439xx.o [1]
  .text            ro code  0x080008b4    0x4  startup_stm32f429_439xx.o [1]
  .text            ro code  0x080008b8    0x4  startup_stm32f429_439xx.o [1]
  .text            ro code  0x080008bc    0x4  startup_stm32f429_439xx.o [1]
  .text            ro code  0x080008c0    0x4  startup_stm32f429_439xx.o [1]
  .text            ro code  0x080008c4    0x4  startup_stm32f429_439xx.o [1]
  .text            ro code  0x080008c8    0x4  startup_stm32f429_439xx.o [1]
  .text            ro code  0x080008cc    0x4  startup_stm32f429_439xx.o [1]
  .text            ro code  0x080008d0    0x4  startup_stm32f429_439xx.o [1]
  .text            ro code  0x080008d4    0x4  startup_stm32f429_439xx.o [1]
  .text            ro code  0x080008d8    0x4  startup_stm32f429_439xx.o [1]
  .text            ro code  0x080008dc    0x4  startup_stm32f429_439xx.o [1]
  .text            ro code  0x080008e0    0x4  startup_stm32f429_439xx.o [1]
  .text            ro code  0x080008e4    0x4  startup_stm32f429_439xx.o [1]
  .text            ro code  0x080008e8    0x4  startup_stm32f429_439xx.o [1]
  .text            ro code  0x080008ec    0x4  startup_stm32f429_439xx.o [1]
  .text            ro code  0x080008f0    0x4  startup_stm32f429_439xx.o [1]
  .text            ro code  0x080008f4    0x4  startup_stm32f429_439xx.o [1]
  .text            ro code  0x080008f8    0x4  startup_stm32f429_439xx.o [1]
  .text            ro code  0x080008fc    0x4  startup_stm32f429_439xx.o [1]
  .text            ro code  0x08000900    0x4  startup_stm32f429_439xx.o [1]
  .text            ro code  0x08000904    0x4  startup_stm32f429_439xx.o [1]
  .text            ro code  0x08000908    0x4  startup_stm32f429_439xx.o [1]
  .text            ro code  0x0800090c    0x4  startup_stm32f429_439xx.o [1]
  .text            ro code  0x08000910    0x4  startup_stm32f429_439xx.o [1]
  .text            ro code  0x08000914    0x4  startup_stm32f429_439xx.o [1]
  .text            ro code  0x08000918    0x4  startup_stm32f429_439xx.o [1]
  .text            ro code  0x0800091c    0x4  startup_stm32f429_439xx.o [1]
  .text            ro code  0x08000920    0x4  startup_stm32f429_439xx.o [1]
  .text            ro code  0x08000924    0x4  startup_stm32f429_439xx.o [1]
  .text            ro code  0x08000928    0x4  startup_stm32f429_439xx.o [1]
  .text            ro code  0x0800092c    0x4  startup_stm32f429_439xx.o [1]
  .text            ro code  0x08000930    0x4  startup_stm32f429_439xx.o [1]
  .text            ro code  0x08000934    0x4  startup_stm32f429_439xx.o [1]
  .text            ro code  0x08000938    0x4  startup_stm32f429_439xx.o [1]
  .text            ro code  0x0800093c    0x4  startup_stm32f429_439xx.o [1]
  .text            ro code  0x08000940    0x4  startup_stm32f429_439xx.o [1]
  .text            ro code  0x08000944    0x4  startup_stm32f429_439xx.o [1]
  .text            ro code  0x08000948    0x4  startup_stm32f429_439xx.o [1]
  .text            ro code  0x0800094c    0x4  startup_stm32f429_439xx.o [1]
  .text            ro code  0x08000950    0x4  startup_stm32f429_439xx.o [1]
  .text            ro code  0x08000954    0x4  startup_stm32f429_439xx.o [1]
  .text            ro code  0x08000958    0x4  startup_stm32f429_439xx.o [1]
  .text            ro code  0x0800095c    0x4  startup_stm32f429_439xx.o [1]
  .text            ro code  0x08000960    0x4  startup_stm32f429_439xx.o [1]
  .text            ro code  0x08000964    0x4  startup_stm32f429_439xx.o [1]
  .text            ro code  0x08000968    0x4  startup_stm32f429_439xx.o [1]
  .text            ro code  0x0800096c    0x4  startup_stm32f429_439xx.o [1]
  .text            ro code  0x08000970    0x4  startup_stm32f429_439xx.o [1]
  .text            ro code  0x08000974    0x4  startup_stm32f429_439xx.o [1]
  .text            ro code  0x08000978    0x4  startup_stm32f429_439xx.o [1]
  .text            ro code  0x0800097c    0x4  startup_stm32f429_439xx.o [1]
  .text            ro code  0x08000980    0x4  startup_stm32f429_439xx.o [1]
  .text            ro code  0x08000984    0x4  startup_stm32f429_439xx.o [1]
  .text            ro code  0x08000988    0x4  startup_stm32f429_439xx.o [1]
  .text            ro code  0x0800098c    0x4  startup_stm32f429_439xx.o [1]
  .text            ro code  0x08000990    0x4  startup_stm32f429_439xx.o [1]
  .text            ro code  0x08000994    0x4  startup_stm32f429_439xx.o [1]
  .text            ro code  0x08000998    0x4  startup_stm32f429_439xx.o [1]
  .text            ro code  0x0800099c    0x4  startup_stm32f429_439xx.o [1]
  .text            ro code  0x080009a0    0x4  startup_stm32f429_439xx.o [1]
  .text            ro code  0x080009a4    0x4  startup_stm32f429_439xx.o [1]
  .text            ro code  0x080009a8    0x4  startup_stm32f429_439xx.o [1]
  .text            ro code  0x080009ac    0x4  startup_stm32f429_439xx.o [1]
  .text            ro code  0x080009b0    0x4  startup_stm32f429_439xx.o [1]
  .text            ro code  0x080009b4    0x4  startup_stm32f429_439xx.o [1]
  .text            ro code  0x080009b8    0x4  startup_stm32f429_439xx.o [1]
  .text            ro code  0x080009bc    0x4  startup_stm32f429_439xx.o [1]
  .text            ro code  0x080009c0    0x4  startup_stm32f429_439xx.o [1]
  .text            ro code  0x080009c4    0x4  startup_stm32f429_439xx.o [1]
  .text            ro code  0x080009c8    0x4  startup_stm32f429_439xx.o [1]
  .text            ro code  0x080009cc    0x4  startup_stm32f429_439xx.o [1]
  .rodata          const    0x080009d0    0x0  zero_init3.o [5]
                          - 0x080009d0  0x824

"P2", part 1 of 2:                        0x8
  .bss             zero     0x20000000    0x1  main.o [1]
                          - 0x20000001    0x1

"P2", part 2 of 2:                      0x400
  CSTACK                    0x20000008  0x400  <Block>
    CSTACK         uninit   0x20000008  0x400  <Block tail>
                          - 0x20000408  0x400


*******************************************************************************
*** INIT TABLE
***

          Address     Size
          -------     ----
Zero (__iar_zero_init3)
    1 destination range, total size 0x1:
          0x20000000   0x1



*******************************************************************************
*** MODULE SUMMARY
***

    Module                     ro code  ro data  rw data
    ------                     -------  -------  -------
C:\Users\TOUCHI\Desktop\PFE\Logiciels\stm32f4_dsp_stdperiph_lib\STM32F4xx_DSP_StdPeriph_Lib_V1.3.0\Project\STM32F4xx_StdPeriph_Templates\EWARM\STM32F429_439xx\Obj: [1]
    main.o                         308                 1
    startup_stm32f429_439xx.o      808
    stm32f4xx_can.o                864
    stm32f4xx_it.o                  18
    stm32f4xx_rcc.o                 44
    system_stm32f4xx.o             268
    ----------------------------------------------------
    Total:                       2 310                 1

command line: [2]
    ----------------------------------------------------
    Total:

dl7M_tln.a: [3]
    exit.o                           4
    low_level_init.o                 4
    ----------------------------------------------------
    Total:                           8

m7M_tlv.a: [4]
    fpinit_M.o                      26
    ----------------------------------------------------
    Total:                          26

rt7M_tl.a: [5]
    cexit.o                         10
    cmain.o                         26
    cstartup_M.o                    12
    data_init.o                     40
    zero_init3.o                    34
    ----------------------------------------------------
    Total:                         122

shb_l.a: [6]
    exit.o                          20
    ----------------------------------------------------
    Total:                          20

    Gaps                             8        2
    Linker created                           16    1 024
--------------------------------------------------------
    Grand Total:                 2 494       18    1 025


*******************************************************************************
*** ENTRY LIST
***

Entry                      Address  Size  Type      Object
-----                      -------  ----  ----      ------
?main                   0x08000805        Code  Gb  cmain.o [5]
BusFault_Handler        0x080007db   0x2  Code  Gb  stm32f4xx_it.o [1]
CAN_DeInit              0x080001ad  0x34  Code  Gb  stm32f4xx_can.o [1]
CAN_FilterInit          0x080002bd  0xaa  Code  Gb  stm32f4xx_can.o [1]
CAN_Init                0x080001e1  0xdc  Code  Gb  stm32f4xx_can.o [1]
CAN_MessagePending      0x080004df  0x16  Code  Gb  stm32f4xx_can.o [1]
CAN_Polling             0x08000569  0xfa  Code  Gb  main.o [1]
CAN_Receive             0x08000463  0x7c  Code  Gb  stm32f4xx_can.o [1]
CAN_Transmit            0x08000367  0xb0  Code  Gb  stm32f4xx_can.o [1]
CAN_TransmitStatus      0x08000417  0x4c  Code  Gb  stm32f4xx_can.o [1]
CSTACK$$Base            0x20000008         --   Gb  - Linker created -
CSTACK$$Limit           0x20000408         --   Gb  - Linker created -
DebugMon_Handler        0x080007e1   0x2  Code  Gb  stm32f4xx_it.o [1]
HardFault_Handler       0x080007d7   0x2  Code  Gb  stm32f4xx_it.o [1]
MemManage_Handler       0x080007d9   0x2  Code  Gb  stm32f4xx_it.o [1]
NMI_Handler             0x080007d5   0x2  Code  Gb  stm32f4xx_it.o [1]
PendSV_Handler          0x080007e3   0x2  Code  Gb  stm32f4xx_it.o [1]
RCC_APB1PeriphClockCmd  0x0800050d  0x12  Code  Gb  stm32f4xx_rcc.o [1]
RCC_APB1PeriphResetCmd  0x0800051f  0x12  Code  Gb  stm32f4xx_rcc.o [1]
Region$$Table$$Base     0x080007c4         --   Gb  - Linker created -
Region$$Table$$Limit    0x080007d4         --   Gb  - Linker created -
SVC_Handler             0x080007df   0x2  Code  Gb  stm32f4xx_it.o [1]
SysTick_Handler         0x080007e5   0x2  Code  Gb  stm32f4xx_it.o [1]
SystemInit              0x0800066d  0xea  Code  Gb  system_stm32f4xx.o [1]
TestRx                  0x20000000   0x1  Data  Gb  main.o [1]
UsageFault_Handler      0x080007dd   0x2  Code  Gb  stm32f4xx_it.o [1]
__cmain                 0x08000805        Code  Gb  cmain.o [5]
__exit                  0x08000835  0x14  Code  Gb  exit.o [6]
__iar_data_init3        0x08000779  0x28  Code  Gb  data_init.o [5]
__iar_init_vfp          0x080007e9        Code  Gb  fpinit_M.o [4]
__iar_program_start     0x08000859        Code  Gb  cstartup_M.o [5]
__iar_zero_init3        0x080007a1  0x22  Code  Gb  zero_init3.o [5]
__low_level_init        0x0800081f   0x4  Code  Gb  low_level_init.o [3]
__vector_table          0x08000000        Data  Gb  startup_stm32f429_439xx.o [1]
_call_main              0x08000811        Code  Gb  cmain.o [5]
_exit                   0x08000829        Code  Gb  cexit.o [5]
_main                   0x0800081b        Code  Gb  cmain.o [5]
exit                    0x08000823   0x4  Code  Gb  exit.o [3]
main                    0x08000539  0x30  Code  Gb  main.o [1]


[1] = C:\Users\TOUCHI\Desktop\PFE\Logiciels\stm32f4_dsp_stdperiph_lib\STM32F4xx_DSP_StdPeriph_Lib_V1.3.0\Project\STM32F4xx_StdPeriph_Templates\EWARM\STM32F429_439xx\Obj
[2] = command line
[3] = dl7M_tln.a
[4] = m7M_tlv.a
[5] = rt7M_tl.a
[6] = shb_l.a

  2 494 bytes of readonly  code memory
     18 bytes of readonly  data memory
  1 025 bytes of readwrite data memory

Errors: 2
Warnings: none
