###############################################################################
#
# IAR ELF Linker V7.10.1.6676/W32 for ARM                 02/Jun/2014  10:27:03
# Copyright 2007-2014 IAR Systems AB.
#
#    Output file  =  
#        G:\Software Workspace\INGENIUMLABS\HAR1.0_Mother_board\Code
#        ROV\Debug\Exe\cpp.out
#    Map file     =  
#        G:\Software Workspace\INGENIUMLABS\HAR1.0_Mother_board\Code
#        ROV\Debug\List\cpp.map
#    Command line =  
#        "G:\Software Workspace\INGENIUMLABS\HAR1.0_Mother_board\Code
#        ROV\Debug\Obj\Camera_Control.o" "G:\Software
#        Workspace\INGENIUMLABS\HAR1.0_Mother_board\Code
#        ROV\Debug\Obj\CAN_Lib.o" "G:\Software
#        Workspace\INGENIUMLABS\HAR1.0_Mother_board\Code
#        ROV\Debug\Obj\communication_lib.o" "G:\Software
#        Workspace\INGENIUMLABS\HAR1.0_Mother_board\Code
#        ROV\Debug\Obj\Lighting_lib.o" "G:\Software
#        Workspace\INGENIUMLABS\HAR1.0_Mother_board\Code ROV\Debug\Obj\main.o"
#        "G:\Software Workspace\INGENIUMLABS\HAR1.0_Mother_board\Code
#        ROV\Debug\Obj\measurment_unit.o" "G:\Software
#        Workspace\INGENIUMLABS\HAR1.0_Mother_board\Code ROV\Debug\Obj\misc.o"
#        "G:\Software Workspace\INGENIUMLABS\HAR1.0_Mother_board\Code
#        ROV\Debug\Obj\pid_lib.o" "G:\Software
#        Workspace\INGENIUMLABS\HAR1.0_Mother_board\Code ROV\Debug\Obj\ROV.o"
#        "G:\Software Workspace\INGENIUMLABS\HAR1.0_Mother_board\Code
#        ROV\Debug\Obj\startup_stm32f4xx.o" "G:\Software
#        Workspace\INGENIUMLABS\HAR1.0_Mother_board\Code
#        ROV\Debug\Obj\stm32f4_discovery.o" "G:\Software
#        Workspace\INGENIUMLABS\HAR1.0_Mother_board\Code
#        ROV\Debug\Obj\stm32f4xx_adc.o" "G:\Software
#        Workspace\INGENIUMLABS\HAR1.0_Mother_board\Code
#        ROV\Debug\Obj\stm32f4xx_can.o" "G:\Software
#        Workspace\INGENIUMLABS\HAR1.0_Mother_board\Code
#        ROV\Debug\Obj\stm32f4xx_crc.o" "G:\Software
#        Workspace\INGENIUMLABS\HAR1.0_Mother_board\Code
#        ROV\Debug\Obj\stm32f4xx_dma.o" "G:\Software
#        Workspace\INGENIUMLABS\HAR1.0_Mother_board\Code
#        ROV\Debug\Obj\stm32f4xx_exti.o" "G:\Software
#        Workspace\INGENIUMLABS\HAR1.0_Mother_board\Code
#        ROV\Debug\Obj\stm32f4xx_gpio.o" "G:\Software
#        Workspace\INGENIUMLABS\HAR1.0_Mother_board\Code
#        ROV\Debug\Obj\stm32f4xx_it.o" "G:\Software
#        Workspace\INGENIUMLABS\HAR1.0_Mother_board\Code
#        ROV\Debug\Obj\stm32f4xx_rcc.o" "G:\Software
#        Workspace\INGENIUMLABS\HAR1.0_Mother_board\Code
#        ROV\Debug\Obj\stm32f4xx_syscfg.o" "G:\Software
#        Workspace\INGENIUMLABS\HAR1.0_Mother_board\Code
#        ROV\Debug\Obj\stm32f4xx_tim.o" "G:\Software
#        Workspace\INGENIUMLABS\HAR1.0_Mother_board\Code
#        ROV\Debug\Obj\stm32f4xx_usart.o" "G:\Software
#        Workspace\INGENIUMLABS\HAR1.0_Mother_board\Code
#        ROV\Debug\Obj\system_stm32f4xx.o" "G:\Software
#        Workspace\INGENIUMLABS\HAR1.0_Mother_board\Code
#        ROV\Debug\Obj\Thrusters_lib.o" "G:\Software
#        Workspace\INGENIUMLABS\HAR1.0_Mother_board\Code
#        ROV\Debug\Obj\Timing_lib.o" -o "G:\Software
#        Workspace\INGENIUMLABS\HAR1.0_Mother_board\Code ROV\Debug\Exe\cpp.out"
#        --redirect _Printf=_PrintfSmall --redirect _Scanf=_ScanfSmall --map
#        "G:\Software Workspace\INGENIUMLABS\HAR1.0_Mother_board\Code
#        ROV\Debug\List\cpp.map" --config "C:\Program Files (x86)\IAR
#        Systems\Embedded Workbench 7.0\arm\config\linker\ST\stm32f407xG.icf"
#        --semihosting --entry __iar_program_start --redirect
#        __iar_sh_stdout=__iar_sh_stdout_swo "C:\Program Files (x86)\IAR
#        Systems\Embedded Workbench
#        7.0\arm\CMSIS\Lib\IAR\iar_cortexM4lf_math.a" --vfe
#
###############################################################################

*******************************************************************************
*** RUNTIME MODEL ATTRIBUTES
***

CppFlavor       = *
__SystemLibrary = DLib


*******************************************************************************
*** PLACEMENT SUMMARY
***

"A1":  place at 0x08000000 { ro section .intvec };
"P1":  place in [from 0x08000000 to 0x080fffff] { ro };
"P2":  place in [from 0x20000000 to 0x2001ffff] { rw, block CSTACK, block HEAP };

  Section            Kind        Address    Size  Object
  -------            ----        -------    ----  ------
"A1":                                      0x188
  .intvec            ro code  0x08000000   0x188  startup_stm32f4xx.o [1]
                            - 0x08000188   0x188

"P1":                                     0x40a8
  .text              ro code  0x08000188   0x4f8  ROV.o [1]
  .text              ro code  0x08000680    0x1c  I32ToDbl.o [5]
  .text              ro code  0x0800069c   0x1a2  DblMul.o [5]
  .text              ro code  0x0800083e    0x2e  copy_init3.o [6]
  .text              ro code  0x0800086c   0x180  DblSub.o [5]
  .text              ro code  0x080009ec   0x246  DblDiv.o [5]
  .text              ro code  0x08000c32    0x22  zero_init3.o [6]
  .text              ro code  0x08000c54    0x90  DblToFlt.o [5]
  .text              ro code  0x08000ce4   0x4f0  arm_cos_f32.o [4]
  .text              ro code  0x080011d4   0x4ec  arm_sin_f32.o [4]
  .text              ro code  0x080016c0    0x4e  FltToDbl.o [5]
  .text              ro code  0x0800170e     0xa  xsprout.o [3]
  .text              ro code  0x08001718     0x6  ABImemclr4.o [6]
  .text              ro code  0x0800171e     0x8  arm_mat_init_f32.o [4]
  .text              ro code  0x08001728   0x138  Camera_Control.o [1]
  .text              ro code  0x08001860   0x320  measurment_unit.o [1]
  .text              ro code  0x08001b80   0x250  Timing_lib.o [1]
  .text              ro code  0x08001dd0   0x17c  CAN_Lib.o [1]
  .text              ro code  0x08001f4c    0xe4  Lighting_lib.o [1]
  .text              ro code  0x08002030   0x208  Thrusters_lib.o [1]
  .text              ro code  0x08002238    0xd4  DblAdd.o [5]
  .text              ro code  0x0800230c    0x32  ABImemset48.o [6]
  .text              ro code  0x08002340   0x154  stm32f4xx_usart.o [1]
  .text              ro code  0x08002494    0xa2  stm32f4xx_gpio.o [1]
  .text              ro code  0x08002538    0xec  stm32f4xx_rcc.o [1]
  .text              ro code  0x08002624    0x6c  misc.o [1]
  .text              ro code  0x08002690   0x2b0  stm32f4xx_tim.o [1]
  .text              ro code  0x08002940   0x498  stm32f4xx_can.o [1]
  .text              ro code  0x08002dd8   0x4a0  main.o [1]
  .text              ro code  0x08003278   0x2cc  communication_lib.o [1]
  .text              ro code  0x08003544    0x34  sprintf.o [3]
  .text              ro code  0x08003578   0x4a0  xprintfsmall.o [3]
  .text              ro code  0x08003a18    0x16  strchr.o [6]
  .text              ro code  0x08003a30    0x36  strlen.o [6]
  .text              ro code  0x08003a68    0x58  memchr.o [6]
  .text              ro code  0x08003ac0   0x218  stm32f4xx_it.o [1]
  .text              ro code  0x08003cd8    0x56  ABImemcpy_unaligned.o [6]
  .text              ro code  0x08003d30    0xe0  system_stm32f4xx.o [1]
  .text              ro code  0x08003e10    0x28  data_init.o [6]
  .iar.init_table    const    0x08003e38    0x24  - Linker created -
  .text              ro code  0x08003e5c    0x1a  fpinit_M.o [5]
  .text              ro code  0x08003e78    0x1a  cmain.o [6]
  .text              ro code  0x08003e92     0x4  low_level_init.o [3]
  .text              ro code  0x08003e96     0x4  exit.o [3]
  .text              ro code  0x08003e9c     0xa  cexit.o [6]
  .text              ro code  0x08003ea8    0x14  exit.o [7]
  .text              ro code  0x08003ebc    0x10  startup_stm32f4xx.o [1]
  .text              ro code  0x08003ecc     0xc  cstartup_M.o [6]
  .text              ro code  0x08003ed8     0x4  startup_stm32f4xx.o [1]
  .text              ro code  0x08003edc     0x4  startup_stm32f4xx.o [1]
  .text              ro code  0x08003ee0     0x4  startup_stm32f4xx.o [1]
  .text              ro code  0x08003ee4     0x4  startup_stm32f4xx.o [1]
  .text              ro code  0x08003ee8     0x4  startup_stm32f4xx.o [1]
  .text              ro code  0x08003eec     0x4  startup_stm32f4xx.o [1]
  .text              ro code  0x08003ef0     0x4  startup_stm32f4xx.o [1]
  .text              ro code  0x08003ef4     0x4  startup_stm32f4xx.o [1]
  .text              ro code  0x08003ef8     0x4  startup_stm32f4xx.o [1]
  .text              ro code  0x08003efc     0x4  startup_stm32f4xx.o [1]
  .text              ro code  0x08003f00     0x4  startup_stm32f4xx.o [1]
  .text              ro code  0x08003f04     0x4  startup_stm32f4xx.o [1]
  .text              ro code  0x08003f08     0x4  startup_stm32f4xx.o [1]
  .text              ro code  0x08003f0c     0x4  startup_stm32f4xx.o [1]
  .text              ro code  0x08003f10     0x4  startup_stm32f4xx.o [1]
  .text              ro code  0x08003f14     0x4  startup_stm32f4xx.o [1]
  .text              ro code  0x08003f18     0x4  startup_stm32f4xx.o [1]
  .text              ro code  0x08003f1c     0x4  startup_stm32f4xx.o [1]
  .text              ro code  0x08003f20     0x4  startup_stm32f4xx.o [1]
  .text              ro code  0x08003f24     0x4  startup_stm32f4xx.o [1]
  .text              ro code  0x08003f28     0x4  startup_stm32f4xx.o [1]
  .text              ro code  0x08003f2c     0x4  startup_stm32f4xx.o [1]
  .text              ro code  0x08003f30     0x4  startup_stm32f4xx.o [1]
  .text              ro code  0x08003f34     0x4  startup_stm32f4xx.o [1]
  .text              ro code  0x08003f38     0x4  startup_stm32f4xx.o [1]
  .text              ro code  0x08003f3c     0x4  startup_stm32f4xx.o [1]
  .text              ro code  0x08003f40     0x4  startup_stm32f4xx.o [1]
  .text              ro code  0x08003f44     0x4  startup_stm32f4xx.o [1]
  .text              ro code  0x08003f48     0x4  startup_stm32f4xx.o [1]
  .text              ro code  0x08003f4c     0x4  startup_stm32f4xx.o [1]
  .text              ro code  0x08003f50     0x4  startup_stm32f4xx.o [1]
  .text              ro code  0x08003f54     0x4  startup_stm32f4xx.o [1]
  .text              ro code  0x08003f58     0x4  startup_stm32f4xx.o [1]
  .text              ro code  0x08003f5c     0x4  startup_stm32f4xx.o [1]
  .text              ro code  0x08003f60     0x4  startup_stm32f4xx.o [1]
  .text              ro code  0x08003f64     0x4  startup_stm32f4xx.o [1]
  .text              ro code  0x08003f68     0x4  startup_stm32f4xx.o [1]
  .text              ro code  0x08003f6c     0x4  startup_stm32f4xx.o [1]
  .text              ro code  0x08003f70     0x4  startup_stm32f4xx.o [1]
  .text              ro code  0x08003f74     0x4  startup_stm32f4xx.o [1]
  .text              ro code  0x08003f78     0x4  startup_stm32f4xx.o [1]
  .text              ro code  0x08003f7c     0x4  startup_stm32f4xx.o [1]
  .text              ro code  0x08003f80     0x4  startup_stm32f4xx.o [1]
  .text              ro code  0x08003f84     0x4  startup_stm32f4xx.o [1]
  .text              ro code  0x08003f88     0x4  startup_stm32f4xx.o [1]
  .text              ro code  0x08003f8c     0x4  startup_stm32f4xx.o [1]
  .text              ro code  0x08003f90     0x4  startup_stm32f4xx.o [1]
  .text              ro code  0x08003f94     0x4  startup_stm32f4xx.o [1]
  .text              ro code  0x08003f98     0x4  startup_stm32f4xx.o [1]
  .text              ro code  0x08003f9c     0x4  startup_stm32f4xx.o [1]
  .text              ro code  0x08003fa0     0x4  startup_stm32f4xx.o [1]
  .text              ro code  0x08003fa4     0x4  startup_stm32f4xx.o [1]
  .text              ro code  0x08003fa8     0x4  startup_stm32f4xx.o [1]
  .text              ro code  0x08003fac     0x4  startup_stm32f4xx.o [1]
  .text              ro code  0x08003fb0     0x4  startup_stm32f4xx.o [1]
  .text              ro code  0x08003fb4     0x4  startup_stm32f4xx.o [1]
  .text              ro code  0x08003fb8     0x4  startup_stm32f4xx.o [1]
  .text              ro code  0x08003fbc     0x4  startup_stm32f4xx.o [1]
  .text              ro code  0x08003fc0     0x4  startup_stm32f4xx.o [1]
  .text              ro code  0x08003fc4     0x4  startup_stm32f4xx.o [1]
  .text              ro code  0x08003fc8     0x4  startup_stm32f4xx.o [1]
  .text              ro code  0x08003fcc     0x4  startup_stm32f4xx.o [1]
  .text              ro code  0x08003fd0     0x4  startup_stm32f4xx.o [1]
  .text              ro code  0x08003fd4     0x4  startup_stm32f4xx.o [1]
  .text              ro code  0x08003fd8     0x4  startup_stm32f4xx.o [1]
  .text              ro code  0x08003fdc     0x4  startup_stm32f4xx.o [1]
  .text              ro code  0x08003fe0     0x4  startup_stm32f4xx.o [1]
  .text              ro code  0x08003fe4     0x4  startup_stm32f4xx.o [1]
  .text              ro code  0x08003fe8     0x4  startup_stm32f4xx.o [1]
  .text              ro code  0x08003fec     0x4  startup_stm32f4xx.o [1]
  .text              ro code  0x08003ff0     0x4  startup_stm32f4xx.o [1]
  .text              ro code  0x08003ff4     0x4  startup_stm32f4xx.o [1]
  .text              ro code  0x08003ff8     0x4  startup_stm32f4xx.o [1]
  .text              ro code  0x08003ffc     0x4  startup_stm32f4xx.o [1]
  .text              ro code  0x08004000     0x4  startup_stm32f4xx.o [1]
  .rodata            const    0x08004004     0x0  zero_init3.o [6]
  .rodata            const    0x08004004     0x0  copy_init3.o [6]
  Initializer bytes  ro data  0x08004004   0x22c  <for P2 s0>
                            - 0x08004230  0x40a8

"P2", part 1 of 3:                         0x22c
  P2 s0                       0x20000000   0x22c  <Init block>
    .data            inited   0x20000000   0x200  measurment_unit.o [1]
    .data            inited   0x20000200    0x14  system_stm32f4xx.o [1]
    .data            inited   0x20000214    0x10  stm32f4xx_rcc.o [1]
    .data            inited   0x20000224     0x8  measurment_unit.o [1]
                            - 0x2000022c   0x22c

"P2", part 2 of 3:                         0xa64
  .bss               zero     0x2000022c   0x9e0  main.o [1]
  .bss               zero     0x20000c0c    0x40  communication_lib.o [1]
  .bss               zero     0x20000c4c    0x14  CAN_Lib.o [1]
  .bss               zero     0x20000c60    0x14  stm32f4xx_it.o [1]
  .bss               zero     0x20000c74     0x8  CAN_Lib.o [1]
  .bss               zero     0x20000c7c     0x8  main.o [1]
  .bss               zero     0x20000c84     0x4  Camera_Control.o [1]
  .bss               zero     0x20000c88     0x4  ROV.o [1]
  .bss               zero     0x20000c8c     0x2  stm32f4xx_it.o [1]
  .bss               zero     0x20000c8e     0x1  communication_lib.o [1]
                            - 0x20000c8f   0xa63

"P2", part 3 of 3:                        0x2000
  CSTACK                      0x20000c90  0x2000  <Block>
    CSTACK           uninit   0x20000c90  0x2000  <Block tail>
                            - 0x20002c90  0x2000


*******************************************************************************
*** INIT TABLE
***

          Address     Size
          -------     ----
Zero (__iar_zero_init3)
    1 destination range, total size 0xa63:
          0x2000022c  0xa63

Copy (__iar_copy_init3)
    1 source range, total size 0x22c:
          0x08004004  0x22c
    1 destination range, total size 0x22c:
          0x20000000  0x22c



*******************************************************************************
*** MODULE SUMMARY
***

    Module                 ro code  ro data  rw data
    ------                 -------  -------  -------
G:\Software Workspace\INGENIUMLABS\HAR1.0_Mother_board\Code ROV\Debug\Obj: [1]
    CAN_Lib.o                  380                28
    Camera_Control.o           312                 4
    Lighting_lib.o             228
    ROV.o                    1 272                 4
    Thrusters_lib.o            520
    Timing_lib.o               592
    communication_lib.o        716                65
    main.o                   1 184             2 536
    measurment_unit.o          800      520      520
    misc.o                     108
    startup_stm32f4xx.o        708
    stm32f4xx_can.o          1 176
    stm32f4xx_gpio.o           162
    stm32f4xx_it.o             536                22
    stm32f4xx_rcc.o            236       16       16
    stm32f4xx_tim.o            688
    stm32f4xx_usart.o          340
    system_stm32f4xx.o         224       20       20
    ------------------------------------------------
    Total:                  10 182      556    3 215

command line: [2]
    ------------------------------------------------
    Total:

dl7M_tln.a: [3]
    exit.o                       4
    low_level_init.o             4
    sprintf.o                   52
    xprintfsmall.o           1 184
    xsprout.o                   10
    ------------------------------------------------
    Total:                   1 254

iar_cortexM4lf_math.a: [4]
    arm_cos_f32.o            1 264
    arm_mat_init_f32.o           8
    arm_sin_f32.o            1 260
    ------------------------------------------------
    Total:                   2 532

m7M_tlv.a: [5]
    DblAdd.o                   212
    DblDiv.o                   582
    DblMul.o                   418
    DblSub.o                   384
    DblToFlt.o                 144
    FltToDbl.o                  78
    I32ToDbl.o                  28
    fpinit_M.o                  26
    ------------------------------------------------
    Total:                   1 872

rt7M_tl.a: [6]
    ABImemclr4.o                 6
    ABImemcpy_unaligned.o       86
    ABImemset48.o               50
    cexit.o                     10
    cmain.o                     26
    copy_init3.o                46
    cstartup_M.o                12
    data_init.o                 40
    memchr.o                    88
    strchr.o                    22
    strlen.o                    54
    zero_init3.o                34
    ------------------------------------------------
    Total:                     474

shb_l.a: [7]
    exit.o                      20
    ------------------------------------------------
    Total:                      20

    Gaps                        18
    Linker created                       36    8 192
----------------------------------------------------
    Grand Total:            16 352      592   11 407


*******************************************************************************
*** ENTRY LIST
***

Entry                      Address   Size  Type      Object
-----                      -------   ----  ----      ------
?main                   0x08003e79         Code  Gb  cmain.o [6]
AHBPrescTable           0x20000200   0x10  Data  Gb  system_stm32f4xx.o [1]
AIOP_ReceiveChar        0x08001909  0x266  Code  Gb  measurment_unit.o [1]
AIOP_Received_Char      0x20000224    0x1  Data  Gb  measurment_unit.o [1]
APBAHBPrescTable        0x20000214   0x10  Data  Lc  stm32f4xx_rcc.o [1]
BusFault_Handler        0x08003ac7    0x2  Code  Gb  stm32f4xx_it.o [1]
CAN1_RX0_IRQHandler     0x08003c3d   0x6c  Code  Gb  stm32f4xx_it.o [1]
CAN_ClearITPendingBit   0x08002d51   0x6a  Code  Gb  stm32f4xx_can.o [1]
CAN_DeInit              0x08002941   0x34  Code  Gb  stm32f4xx_can.o [1]
CAN_Error_Code          0x20000c76    0x1  Data  Gb  CAN_Lib.o [1]
CAN_FilterInit          0x08002a53   0xb0  Code  Gb  stm32f4xx_can.o [1]
CAN_GetITStatus         0x08002c99   0xb8  Code  Gb  stm32f4xx_can.o [1]
CAN_GetLastErrorCode    0x08002c81    0x8  Code  Gb  stm32f4xx_can.o [1]
CAN_ITConfig            0x08002c89   0x10  Code  Gb  stm32f4xx_can.o [1]
CAN_Init                0x08002975   0xde  Code  Gb  stm32f4xx_can.o [1]
CAN_Receive             0x08002c01   0x80  Code  Gb  stm32f4xx_can.o [1]
CAN_Transmit            0x08002b03   0xb2  Code  Gb  stm32f4xx_can.o [1]
CAN_TransmitStatus      0x08002bb5   0x4c  Code  Gb  stm32f4xx_can.o [1]
CAN_init                0x08001dd1   0xdc  Code  Gb  CAN_Lib.o [1]
CAN_send                0x08001ead   0x8c  Code  Gb  CAN_Lib.o [1]
CRC_Count               0x20000226    0x1  Data  Gb  measurment_unit.o [1]
CSTACK$$Base            0x20000c90          --   Gb  - Linker created -
CSTACK$$Limit           0x20002c90          --   Gb  - Linker created -
Cmd1                    0x20000c85    0x1  Data  Gb  Camera_Control.o [1]
Cmd2                    0x20000c86    0x1  Data  Gb  Camera_Control.o [1]
DebugMon_Handler        0x08003acb    0x2  Code  Gb  stm32f4xx_it.o [1]
Flag_10HZ               0x20000228    0x1  Data  Gb  measurment_unit.o [1]
Flag_50HZ               0x20000227    0x1  Data  Gb  measurment_unit.o [1]
FuncCallbackTable_INIT  0x080034c5   0x1c  Code  Gb  communication_lib.o [1]
GPIO_Init               0x08002495   0x72  Code  Gb  stm32f4xx_gpio.o [1]
GPIO_PinAFConfig        0x0800250f   0x28  Code  Gb  stm32f4xx_gpio.o [1]
GPIO_ResetBits          0x0800250b    0x4  Code  Gb  stm32f4xx_gpio.o [1]
GPIO_SetBits            0x08002507    0x4  Code  Gb  stm32f4xx_gpio.o [1]
HardFault_Handler       0x08003ac3    0x2  Code  Gb  stm32f4xx_it.o [1]
Lighting_init           0x08001f4d   0x7c  Code  Gb  Lighting_lib.o [1]
Lighting_update         0x08001fc9   0x56  Code  Gb  Lighting_lib.o [1]
MeasurmentUnit_init     0x08001861   0xa6  Code  Gb  measurment_unit.o [1]
MemManage_Handler       0x08003ac5    0x2  Code  Gb  stm32f4xx_it.o [1]
NMI_Handler             0x08003ac1    0x2  Code  Gb  stm32f4xx_it.o [1]
NVIC_Init               0x08002625   0x5c  Code  Gb  misc.o [1]
PelcoD_Counter          0x20000c84    0x1  Data  Gb  Camera_Control.o [1]
PelcoD_Send             0x08001729   0xaa  Code  Gb  Camera_Control.o [1]
PendSV_Handler          0x08003acf    0x2  Code  Gb  stm32f4xx_it.o [1]
RCC_AHB1PeriphClockCmd  0x080025bb   0x12  Code  Gb  stm32f4xx_rcc.o [1]
RCC_APB1PeriphClockCmd  0x080025cd   0x12  Code  Gb  stm32f4xx_rcc.o [1]
RCC_APB1PeriphResetCmd  0x080025f1   0x12  Code  Gb  stm32f4xx_rcc.o [1]
RCC_APB2PeriphClockCmd  0x080025df   0x12  Code  Gb  stm32f4xx_rcc.o [1]
RCC_GetClocksFreq       0x08002539   0x82  Code  Gb  stm32f4xx_rcc.o [1]
ROV                     0x2000022c  0x988  Data  Gb  main.o [1]
ROV_ControlMatrix_Init  0x08000385  0x174  Code  Gb  ROV.o [1]
ROV_Init                0x0800058d   0x42  Code  Gb  ROV.o [1]
ROV_Req_Val             0x08003423   0x22  Code  Gb  communication_lib.o [1]
ROV_Set_Var             0x08003279   0x4c  Code  Gb  communication_lib.o [1]
ROV_Stream_VAR          0x08003445   0x28  Code  Gb  communication_lib.o [1]
ROV_Toggle_AIOP_Communication
                        0x08003485   0x16  Code  Gb  communication_lib.o [1]
ROV_Toggle_Streaming_Mode
                        0x0800346d   0x18  Code  Gb  communication_lib.o [1]
ROV_VAR_Init            0x08000189  0x1fa  Code  Gb  ROV.o [1]
ROV_coldStart_Init      0x080005cf   0x88  Code  Gb  ROV.o [1]
RS485Cmd                0x080017d9   0x70  Code  Gb  Camera_Control.o [1]
Region$$Table$$Base     0x08003e38          --   Gb  - Linker created -
Region$$Table$$Limit    0x08003e5c          --   Gb  - Linker created -
Rx                      0x20000c60   0x14  Data  Gb  stm32f4xx_it.o [1]
SVC_Handler             0x08003acd    0x2  Code  Gb  stm32f4xx_it.o [1]
Sensor_DataUpdate_10Hz  0x0800054b   0x34  Code  Gb  ROV.o [1]
Sensor_DataUpdate_50Hz  0x08000501   0x4a  Code  Gb  ROV.o [1]
SysTick_Handler         0x08003ad1    0x2  Code  Gb  stm32f4xx_it.o [1]
SystemCoreClock         0x20000210    0x4  Data  Gb  system_stm32f4xx.o [1]
SystemInit              0x08003d31   0xc4  Code  Gb  system_stm32f4xx.o [1]
THRUSTER_init           0x08002031  0x118  Code  Gb  Thrusters_lib.o [1]
THRUSTER_update         0x08002149   0xd6  Code  Gb  Thrusters_lib.o [1]
TIM1_TRG_COM_TIM11_IRQHandler
                        0x08003baf   0x30  Code  Gb  stm32f4xx_it.o [1]
TIM1_UP_TIM10_IRQHandler
                        0x08003b4b   0x64  Code  Gb  stm32f4xx_it.o [1]
TIM8_TRG_COM_TIM14_IRQHandler
                        0x08003c13   0x2a  Code  Gb  stm32f4xx_it.o [1]
TIM8_UP_TIM13_IRQHandler
                        0x08003bdf   0x2a  Code  Gb  stm32f4xx_it.o [1]
TIM_ARRPreloadConfig    0x080026fd   0x14  Code  Gb  stm32f4xx_tim.o [1]
TIM_ClearITPendingBit   0x08002939    0x2  Code  Gb  stm32f4xx_tim.o [1]
TIM_Cmd                 0x08002711   0x14  Code  Gb  stm32f4xx_tim.o [1]
TIM_GetCapture1         0x08002911    0x4  Code  Gb  stm32f4xx_tim.o [1]
TIM_GetITStatus         0x08002925   0x14  Code  Gb  stm32f4xx_tim.o [1]
TIM_ITConfig            0x08002915   0x10  Code  Gb  stm32f4xx_tim.o [1]
TIM_Init                0x08001b81  0x250  Code  Gb  Timing_lib.o [1]
TIM_OC1Init             0x08002725   0x66  Code  Gb  stm32f4xx_tim.o [1]
TIM_OC1PreloadConfig    0x080028d5    0x6  Code  Gb  stm32f4xx_tim.o [1]
TIM_OC2Init             0x0800278b   0x6c  Code  Gb  stm32f4xx_tim.o [1]
TIM_OC2PreloadConfig    0x080028e3    0x6  Code  Gb  stm32f4xx_tim.o [1]
TIM_OC3Init             0x080027f7   0x68  Code  Gb  stm32f4xx_tim.o [1]
TIM_OC3PreloadConfig    0x080028f3    0x6  Code  Gb  stm32f4xx_tim.o [1]
TIM_OC4Init             0x08002865   0x50  Code  Gb  stm32f4xx_tim.o [1]
TIM_OC4PreloadConfig    0x08002901    0x6  Code  Gb  stm32f4xx_tim.o [1]
TIM_PrescalerConfig     0x080026f7    0x6  Code  Gb  stm32f4xx_tim.o [1]
TIM_SetCompare1         0x080028d1    0x4  Code  Gb  stm32f4xx_tim.o [1]
TIM_TimeBaseInit        0x08002691   0x66  Code  Gb  stm32f4xx_tim.o [1]
Thruster_Axis_Projection
                        0x20000c08    0x4  Data  Gb  main.o [1]
Toggle_Var_Stream_State
                        0x080033f5   0x2e  Code  Gb  communication_lib.o [1]
TransmitMailbox         0x20000c75    0x1  Data  Gb  CAN_Lib.o [1]
TxMessage               0x20000c4c   0x14  Data  Gb  CAN_Lib.o [1]
UART4_IRQHandler        0x08003ad3   0x3c  Code  Gb  stm32f4xx_it.o [1]
UART_Counter            0x20000225    0x1  Data  Gb  measurment_unit.o [1]
USART2_IRQHandler       0x08003b0f   0x3c  Code  Gb  stm32f4xx_it.o [1]
USART_ClearITPendingBit
                        0x08002485    0xa  Code  Gb  stm32f4xx_usart.o [1]
USART_Cmd               0x080023e5   0x14  Code  Gb  stm32f4xx_usart.o [1]
USART_GetFlagStatus     0x08002439    0xe  Code  Gb  stm32f4xx_usart.o [1]
USART_GetITStatus       0x08002447   0x3e  Code  Gb  stm32f4xx_usart.o [1]
USART_ITConfig          0x08002409   0x30  Code  Gb  stm32f4xx_usart.o [1]
USART_Init              0x08002341   0x9a  Code  Gb  stm32f4xx_usart.o [1]
USART_ReceiveData       0x08002401    0x8  Code  Gb  stm32f4xx_usart.o [1]
USART_SendData          0x080023f9    0x8  Code  Gb  stm32f4xx_usart.o [1]
USART_puts              0x080031a9   0x22  Code  Gb  main.o [1]
UsageFault_Handler      0x08003ac9    0x2  Code  Gb  stm32f4xx_it.o [1]
_LitobSmall             0x08003915   0xce  Code  Lc  xprintfsmall.o [3]
_PrintfSmall            0x08003579  0x396  Code  Gb  xprintfsmall.o [3]
_PutcharsSmall          0x080039e3   0x2e  Code  Lc  xprintfsmall.o [3]
_SProut                 0x0800170f    0xa  Code  Gb  xsprout.o [3]
__aeabi_d2f             0x08000c55         Code  Gb  DblToFlt.o [5]
__aeabi_ddiv            0x080009ed         Code  Gb  DblDiv.o [5]
__aeabi_dmul            0x0800069d         Code  Gb  DblMul.o [5]
__aeabi_dsub            0x0800086d         Code  Gb  DblSub.o [5]
__aeabi_f2d             0x080016c1         Code  Gb  FltToDbl.o [5]
__aeabi_memclr4         0x08001719         Code  Gb  ABImemclr4.o [6]
__aeabi_ui2d            0x08000681         Code  Gb  I32ToDbl.o [5]
__cmain                 0x08003e79         Code  Gb  cmain.o [6]
__exit                  0x08003ea9   0x14  Code  Gb  exit.o [7]
__iar_Memchr            0x08003a69         Code  Gb  memchr.o [6]
__iar_Memset4_word      0x0800230d         Code  Gb  ABImemset48.o [6]
__iar_Memset8_word      0x0800230d         Code  Gb  ABImemset48.o [6]
__iar_Strchr            0x08003a19         Code  Gb  strchr.o [6]
__iar_copy_init3        0x0800083f   0x2e  Code  Gb  copy_init3.o [6]
__iar_dadd              0x08002239         Code  Gb  DblAdd.o [5]
__iar_data_init3        0x08003e11   0x28  Code  Gb  data_init.o [6]
__iar_dsub              0x08000881         Code  Gb  DblSub.o [5]
__iar_dsubStart         0x08000893         Code  Gb  DblSub.o [5]
__iar_init_vfp          0x08003e5d         Code  Gb  fpinit_M.o [5]
__iar_program_start     0x08003ecd         Code  Gb  cstartup_M.o [6]
__iar_ui2d              0x08000685         Code  Gb  I32ToDbl.o [5]
__iar_unaligned___aeabi_memcpy4
                        0x08003cd9         Code  Gb  ABImemcpy_unaligned.o [6]
__iar_unaligned___aeabi_memcpy8
                        0x08003cd9         Code  Gb  ABImemcpy_unaligned.o [6]
__iar_zero_init3        0x08000c33   0x22  Code  Gb  zero_init3.o [6]
__low_level_init        0x08003e93    0x4  Code  Gb  low_level_init.o [3]
__vector_table          0x08000000         Data  Gb  startup_stm32f4xx.o [1]
_call_main              0x08003e85         Code  Gb  cmain.o [6]
_exit                   0x08003e9d         Code  Gb  cexit.o [6]
_main                   0x08003e8f         Code  Gb  cmain.o [6]
arm_cos_f32             0x08000ce5   0xd0  Code  Gb  arm_cos_f32.o [4]
arm_mat_init_f32        0x0800171f    0x8  Code  Gb  arm_mat_init_f32.o [4]
arm_sin_f32             0x080011d5   0xd0  Code  Gb  arm_sin_f32.o [4]
capture                 0x20000c8c    0x2  Data  Gb  stm32f4xx_it.o [1]
checksum                0x20000c87    0x1  Data  Gb  Camera_Control.o [1]
cnt                     0x20000c88    0x4  Data  Gb  ROV.o [1]
communication_init      0x080034a3   0x22  Code  Gb  communication_lib.o [1]
conv_f2c                0x080031cd   0x4a  Code  Gb  main.o [1]
cosTable                0x08000dc4  0x410  Data  Lc  arm_cos_f32.o [4]
counter                 0x20000c78    0x4  Data  Gb  CAN_Lib.o [1]
crc_stm32               0x2000022a    0x2  Data  Gb  measurment_unit.o [1]
crc_tab                 0x20000000  0x200  Data  Gb  measurment_unit.o [1]
error_can               0x20000c8e    0x1  Data  Gb  communication_lib.o [1]
exit                    0x08003e97    0x4  Code  Gb  exit.o [3]
function_pointer        0x20000c0c   0x40  Data  Gb  communication_lib.o [1]
joys                    0x20000bb4   0x20  Data  Gb  main.o [1]
main                    0x08002dd9  0x3c8  Code  Gb  main.o [1]
memchr                  0x08003a69         Code  Gb  memchr.o [6]
message_length          0x20000c74    0x1  Data  Gb  CAN_Lib.o [1]
print_joystick          0x080032c5  0x130  Code  Gb  communication_lib.o [1]
sinTable                0x080012b4  0x40c  Data  Lc  arm_sin_f32.o [4]
sprintf                 0x08003545   0x34  Code  Gb  sprintf.o [3]
strchr                  0x08003a19         Code  Gb  strchr.o [6]
strlen                  0x08003a31         Code  Gb  strlen.o [6]
u                       0x20000bd4   0x20  Data  Gb  main.o [1]
update_pelcod_values    0x0800057f    0xe  Code  Gb  ROV.o [1]
val1                    0x20000bf4    0x4  Data  Gb  main.o [1]
val2                    0x20000bf8    0x4  Data  Gb  main.o [1]
val3                    0x20000bfc    0x4  Data  Gb  main.o [1]
val4                    0x20000c00    0x4  Data  Gb  main.o [1]
val5                    0x20000c04    0x4  Data  Gb  main.o [1]


[1] = G:\Software Workspace\INGENIUMLABS\HAR1.0_Mother_board\Code ROV\Debug\Obj
[2] = command line
[3] = dl7M_tln.a
[4] = iar_cortexM4lf_math.a
[5] = m7M_tlv.a
[6] = rt7M_tl.a
[7] = shb_l.a

  16 352 bytes of readonly  code memory
     592 bytes of readonly  data memory
  11 407 bytes of readwrite data memory

Errors: none
Warnings: none
