###############################################################################
#
# IAR ELF Linker V7.10.1.6676/W32 for ARM                 14/Apr/2014  17:13:40
# Copyright 2007-2014 IAR Systems AB.
#
#    Output file  =  
#        C:\Users\TOUCHI\Desktop\PFE\STM Coding\ROV Project\Debug\Exe\cpp.out
#    Map file     =  
#        C:\Users\TOUCHI\Desktop\PFE\STM Coding\ROV Project\Debug\List\cpp.map
#    Command line =  
#        "C:\Users\TOUCHI\Desktop\PFE\STM Coding\ROV
#        Project\Debug\Obj\AIOPV1_Lib.o" "C:\Users\TOUCHI\Desktop\PFE\STM
#        Coding\ROV Project\Debug\Obj\Camera_Control.o"
#        "C:\Users\TOUCHI\Desktop\PFE\STM Coding\ROV
#        Project\Debug\Obj\CAN_Lib.o" "C:\Users\TOUCHI\Desktop\PFE\STM
#        Coding\ROV Project\Debug\Obj\communication_lib.o"
#        "C:\Users\TOUCHI\Desktop\PFE\STM Coding\ROV
#        Project\Debug\Obj\Lighting_lib.o" "C:\Users\TOUCHI\Desktop\PFE\STM
#        Coding\ROV Project\Debug\Obj\main.o" "C:\Users\TOUCHI\Desktop\PFE\STM
#        Coding\ROV Project\Debug\Obj\misc.o" "C:\Users\TOUCHI\Desktop\PFE\STM
#        Coding\ROV Project\Debug\Obj\pid_lib.o"
#        "C:\Users\TOUCHI\Desktop\PFE\STM Coding\ROV Project\Debug\Obj\ROV.o"
#        "C:\Users\TOUCHI\Desktop\PFE\STM Coding\ROV
#        Project\Debug\Obj\startup_stm32f4xx.o"
#        "C:\Users\TOUCHI\Desktop\PFE\STM Coding\ROV
#        Project\Debug\Obj\stm32f4_discovery.o"
#        "C:\Users\TOUCHI\Desktop\PFE\STM Coding\ROV
#        Project\Debug\Obj\stm32f4xx_adc.o" "C:\Users\TOUCHI\Desktop\PFE\STM
#        Coding\ROV Project\Debug\Obj\stm32f4xx_can.o"
#        "C:\Users\TOUCHI\Desktop\PFE\STM Coding\ROV
#        Project\Debug\Obj\stm32f4xx_crc.o" "C:\Users\TOUCHI\Desktop\PFE\STM
#        Coding\ROV Project\Debug\Obj\stm32f4xx_dma.o"
#        "C:\Users\TOUCHI\Desktop\PFE\STM Coding\ROV
#        Project\Debug\Obj\stm32f4xx_gpio.o" "C:\Users\TOUCHI\Desktop\PFE\STM
#        Coding\ROV Project\Debug\Obj\stm32f4xx_it.o"
#        "C:\Users\TOUCHI\Desktop\PFE\STM Coding\ROV
#        Project\Debug\Obj\stm32f4xx_rcc.o" "C:\Users\TOUCHI\Desktop\PFE\STM
#        Coding\ROV Project\Debug\Obj\stm32f4xx_tim.o"
#        "C:\Users\TOUCHI\Desktop\PFE\STM Coding\ROV
#        Project\Debug\Obj\stm32f4xx_usart.o" "C:\Users\TOUCHI\Desktop\PFE\STM
#        Coding\ROV Project\Debug\Obj\system_stm32f4xx.o"
#        "C:\Users\TOUCHI\Desktop\PFE\STM Coding\ROV
#        Project\Debug\Obj\Thrusters_lib.o" "C:\Users\TOUCHI\Desktop\PFE\STM
#        Coding\ROV Project\Debug\Obj\Timing_lib.o" -o
#        "C:\Users\TOUCHI\Desktop\PFE\STM Coding\ROV Project\Debug\Exe\cpp.out"
#        --redirect _Printf=_PrintfSmall --redirect _Scanf=_ScanfSmall --map
#        "C:\Users\TOUCHI\Desktop\PFE\STM Coding\ROV
#        Project\Debug\List\cpp.map" --config "C:\Program Files (x86)\IAR
#        Systems\Embedded Workbench 7.0\arm\config\linker\ST\stm32f407xG.icf"
#        --semihosting --entry __iar_program_start --redirect
#        __iar_sh_stdout=__iar_sh_stdout_swo --vfe
#
###############################################################################

*******************************************************************************
*** RUNTIME MODEL ATTRIBUTES
***

CppFlavor       = *
__SystemLibrary = DLib


*******************************************************************************
*** PLACEMENT SUMMARY
***

"A1":  place at 0x08000000 { ro section .intvec };
"P1":  place in [from 0x08000000 to 0x080fffff] { ro };
"P2":  place in [from 0x20000000 to 0x2001ffff] { rw, block CSTACK, block HEAP };

  Section            Kind        Address    Size  Object
  -------            ----        -------    ----  ------
"A1":                                      0x188
  .intvec            ro code  0x08000000   0x188  startup_stm32f4xx.o [1]
                            - 0x08000188   0x188

"P1":                                     0x1c08
  .text              ro code  0x08000188   0x4a0  xprintfsmall.o [3]
  .text              ro code  0x08000628    0x16  strchr.o [5]
  .text              ro code  0x0800063e    0x2e  copy_init3.o [5]
  .text              ro code  0x0800066c    0x36  strlen.o [5]
  .text              ro code  0x080006a2    0x22  zero_init3.o [5]
  .text              ro code  0x080006c4    0x58  memchr.o [5]
  .text              ro code  0x0800071c   0x498  stm32f4xx_can.o [1]
  .text              ro code  0x08000bb4    0xec  stm32f4xx_rcc.o [1]
  .text              ro code  0x08000ca0   0x284  ROV.o [1]
  .text              ro code  0x08000f24   0x154  stm32f4xx_usart.o [1]
  .text              ro code  0x08001078    0x34  sprintf.o [3]
  .text              ro code  0x080010ac   0x24c  Timing_lib.o [1]
  .text              ro code  0x080012f8    0x6c  misc.o [1]
  .text              ro code  0x08001364   0x146  stm32f4xx_tim.o [1]
  .text              ro code  0x080014aa     0xa  xsprout.o [3]
  .text              ro code  0x080014b4   0x20c  stm32f4xx_it.o [1]
  .text              ro code  0x080016c0    0x76  ABImemcpy_unaligned.o [5]
  .text              ro code  0x08001738    0x64  communication_lib.o [1]
  .text              ro code  0x0800179c   0x15c  CAN_Lib.o [1]
  .text              ro code  0x080018f8    0x9a  stm32f4xx_gpio.o [1]
  .text              ro code  0x08001994   0x104  main.o [1]
  .text              ro code  0x08001a98    0xe0  system_stm32f4xx.o [1]
  .text              ro code  0x08001b78    0x28  data_init.o [5]
  .iar.init_table    const    0x08001ba0    0x24  - Linker created -
  .text              ro code  0x08001bc4    0x1a  fpinit_M.o [4]
  .text              ro code  0x08001be0    0x1a  cmain.o [5]
  .text              ro code  0x08001bfa     0x4  low_level_init.o [3]
  .text              ro code  0x08001bfe     0x4  exit.o [3]
  .text              ro code  0x08001c04     0xa  cexit.o [5]
  .text              ro code  0x08001c10    0x14  exit.o [6]
  .text              ro code  0x08001c24    0x10  startup_stm32f4xx.o [1]
  .text              ro code  0x08001c34     0xc  cstartup_M.o [5]
  .text              ro code  0x08001c40     0x4  startup_stm32f4xx.o [1]
  .text              ro code  0x08001c44     0x4  startup_stm32f4xx.o [1]
  .text              ro code  0x08001c48     0x4  startup_stm32f4xx.o [1]
  .text              ro code  0x08001c4c     0x4  startup_stm32f4xx.o [1]
  .text              ro code  0x08001c50     0x4  startup_stm32f4xx.o [1]
  .text              ro code  0x08001c54     0x4  startup_stm32f4xx.o [1]
  .text              ro code  0x08001c58     0x4  startup_stm32f4xx.o [1]
  .text              ro code  0x08001c5c     0x4  startup_stm32f4xx.o [1]
  .text              ro code  0x08001c60     0x4  startup_stm32f4xx.o [1]
  .text              ro code  0x08001c64     0x4  startup_stm32f4xx.o [1]
  .text              ro code  0x08001c68     0x4  startup_stm32f4xx.o [1]
  .text              ro code  0x08001c6c     0x4  startup_stm32f4xx.o [1]
  .text              ro code  0x08001c70     0x4  startup_stm32f4xx.o [1]
  .text              ro code  0x08001c74     0x4  startup_stm32f4xx.o [1]
  .text              ro code  0x08001c78     0x4  startup_stm32f4xx.o [1]
  .text              ro code  0x08001c7c     0x4  startup_stm32f4xx.o [1]
  .text              ro code  0x08001c80     0x4  startup_stm32f4xx.o [1]
  .text              ro code  0x08001c84     0x4  startup_stm32f4xx.o [1]
  .text              ro code  0x08001c88     0x4  startup_stm32f4xx.o [1]
  .text              ro code  0x08001c8c     0x4  startup_stm32f4xx.o [1]
  .text              ro code  0x08001c90     0x4  startup_stm32f4xx.o [1]
  .text              ro code  0x08001c94     0x4  startup_stm32f4xx.o [1]
  .text              ro code  0x08001c98     0x4  startup_stm32f4xx.o [1]
  .text              ro code  0x08001c9c     0x4  startup_stm32f4xx.o [1]
  .text              ro code  0x08001ca0     0x4  startup_stm32f4xx.o [1]
  .text              ro code  0x08001ca4     0x4  startup_stm32f4xx.o [1]
  .text              ro code  0x08001ca8     0x4  startup_stm32f4xx.o [1]
  .text              ro code  0x08001cac     0x4  startup_stm32f4xx.o [1]
  .text              ro code  0x08001cb0     0x4  startup_stm32f4xx.o [1]
  .text              ro code  0x08001cb4     0x4  startup_stm32f4xx.o [1]
  .text              ro code  0x08001cb8     0x4  startup_stm32f4xx.o [1]
  .text              ro code  0x08001cbc     0x4  startup_stm32f4xx.o [1]
  .text              ro code  0x08001cc0     0x4  startup_stm32f4xx.o [1]
  .text              ro code  0x08001cc4     0x4  startup_stm32f4xx.o [1]
  .text              ro code  0x08001cc8     0x4  startup_stm32f4xx.o [1]
  .text              ro code  0x08001ccc     0x4  startup_stm32f4xx.o [1]
  .text              ro code  0x08001cd0     0x4  startup_stm32f4xx.o [1]
  .text              ro code  0x08001cd4     0x4  startup_stm32f4xx.o [1]
  .text              ro code  0x08001cd8     0x4  startup_stm32f4xx.o [1]
  .text              ro code  0x08001cdc     0x4  startup_stm32f4xx.o [1]
  .text              ro code  0x08001ce0     0x4  startup_stm32f4xx.o [1]
  .text              ro code  0x08001ce4     0x4  startup_stm32f4xx.o [1]
  .text              ro code  0x08001ce8     0x4  startup_stm32f4xx.o [1]
  .text              ro code  0x08001cec     0x4  startup_stm32f4xx.o [1]
  .text              ro code  0x08001cf0     0x4  startup_stm32f4xx.o [1]
  .text              ro code  0x08001cf4     0x4  startup_stm32f4xx.o [1]
  .text              ro code  0x08001cf8     0x4  startup_stm32f4xx.o [1]
  .text              ro code  0x08001cfc     0x4  startup_stm32f4xx.o [1]
  .text              ro code  0x08001d00     0x4  startup_stm32f4xx.o [1]
  .text              ro code  0x08001d04     0x4  startup_stm32f4xx.o [1]
  .text              ro code  0x08001d08     0x4  startup_stm32f4xx.o [1]
  .text              ro code  0x08001d0c     0x4  startup_stm32f4xx.o [1]
  .text              ro code  0x08001d10     0x4  startup_stm32f4xx.o [1]
  .text              ro code  0x08001d14     0x4  startup_stm32f4xx.o [1]
  .text              ro code  0x08001d18     0x4  startup_stm32f4xx.o [1]
  .text              ro code  0x08001d1c     0x4  startup_stm32f4xx.o [1]
  .text              ro code  0x08001d20     0x4  startup_stm32f4xx.o [1]
  .text              ro code  0x08001d24     0x4  startup_stm32f4xx.o [1]
  .text              ro code  0x08001d28     0x4  startup_stm32f4xx.o [1]
  .text              ro code  0x08001d2c     0x4  startup_stm32f4xx.o [1]
  .text              ro code  0x08001d30     0x4  startup_stm32f4xx.o [1]
  .text              ro code  0x08001d34     0x4  startup_stm32f4xx.o [1]
  .text              ro code  0x08001d38     0x4  startup_stm32f4xx.o [1]
  .text              ro code  0x08001d3c     0x4  startup_stm32f4xx.o [1]
  .text              ro code  0x08001d40     0x4  startup_stm32f4xx.o [1]
  .text              ro code  0x08001d44     0x4  startup_stm32f4xx.o [1]
  .text              ro code  0x08001d48     0x4  startup_stm32f4xx.o [1]
  .text              ro code  0x08001d4c     0x4  startup_stm32f4xx.o [1]
  .text              ro code  0x08001d50     0x4  startup_stm32f4xx.o [1]
  .text              ro code  0x08001d54     0x4  startup_stm32f4xx.o [1]
  .text              ro code  0x08001d58     0x4  startup_stm32f4xx.o [1]
  .text              ro code  0x08001d5c     0x4  startup_stm32f4xx.o [1]
  .text              ro code  0x08001d60     0x4  startup_stm32f4xx.o [1]
  .text              ro code  0x08001d64     0x4  startup_stm32f4xx.o [1]
  .text              ro code  0x08001d68     0x4  startup_stm32f4xx.o [1]
  .rodata            const    0x08001d6c     0x0  zero_init3.o [5]
  .rodata            const    0x08001d6c     0x0  copy_init3.o [5]
  Initializer bytes  ro data  0x08001d6c    0x24  <for P2 s0>
                            - 0x08001d90  0x1c08

"P2", part 1 of 3:                          0x24
  P2 s0                       0x20000000    0x24  <Init block>
    .data            inited   0x20000000    0x14  system_stm32f4xx.o [1]
    .data            inited   0x20000014    0x10  stm32f4xx_rcc.o [1]
                            - 0x20000024    0x24

"P2", part 2 of 3:                         0xab4
  .bss               zero     0x20000024   0xa7c  main.o [1]
  .bss               zero     0x20000aa0    0x15  CAN_Lib.o [1]
  .bss               zero     0x20000ab6     0x2  stm32f4xx_it.o [1]
  .bss               zero     0x20000ab8     0xc  stm32f4xx_it.o [1]
  .bss               zero     0x20000ac4     0x8  ROV.o [1]
  .bss               zero     0x20000acc     0x4  ROV.o [1]
  .bss               zero     0x20000ad0     0x1  communication_lib.o [1]
                            - 0x20000ad1   0xaad

"P2", part 3 of 3:                        0x2000
  CSTACK                      0x20000ad8  0x2000  <Block>
    CSTACK           uninit   0x20000ad8  0x2000  <Block tail>
                            - 0x20002ad8  0x2000


*******************************************************************************
*** INIT TABLE
***

          Address     Size
          -------     ----
Zero (__iar_zero_init3)
    1 destination range, total size 0xaad:
          0x20000024  0xaad

Copy (__iar_copy_init3)
    1 source range, total size 0x24:
          0x08001d6c   0x24
    1 destination range, total size 0x24:
          0x20000000   0x24



*******************************************************************************
*** MODULE SUMMARY
***

    Module                 ro code  ro data  rw data
    ------                 -------  -------  -------
C:\Users\TOUCHI\Desktop\PFE\STM Coding\ROV Project\Debug\Obj: [1]
    CAN_Lib.o                  348                21
    ROV.o                      644                12
    Timing_lib.o               588
    communication_lib.o        100                 1
    main.o                     260             2 684
    misc.o                     108
    startup_stm32f4xx.o        708
    stm32f4xx_can.o          1 176
    stm32f4xx_gpio.o           154
    stm32f4xx_it.o             524                14
    stm32f4xx_rcc.o            236       16       16
    stm32f4xx_tim.o            326
    stm32f4xx_usart.o          340
    system_stm32f4xx.o         224       20       20
    ------------------------------------------------
    Total:                   5 736       36    2 768

command line: [2]
    ------------------------------------------------
    Total:

dl7M_tln.a: [3]
    exit.o                       4
    low_level_init.o             4
    sprintf.o                   52
    xprintfsmall.o           1 184
    xsprout.o                   10
    ------------------------------------------------
    Total:                   1 254

m7M_tlv.a: [4]
    fpinit_M.o                  26
    ------------------------------------------------
    Total:                      26

rt7M_tl.a: [5]
    ABImemcpy_unaligned.o      118
    cexit.o                     10
    cmain.o                     26
    copy_init3.o                46
    cstartup_M.o                12
    data_init.o                 40
    memchr.o                    88
    strchr.o                    22
    strlen.o                    54
    zero_init3.o                34
    ------------------------------------------------
    Total:                     450

shb_l.a: [6]
    exit.o                      20
    ------------------------------------------------
    Total:                      20

    Gaps                        10                 1
    Linker created                       36    8 192
----------------------------------------------------
    Grand Total:             7 496       72   10 961


*******************************************************************************
*** ENTRY LIST
***

Entry                      Address   Size  Type      Object
-----                      -------   ----  ----      ------
?main                   0x08001be1         Code  Gb  cmain.o [5]
AHBPrescTable           0x20000000   0x10  Data  Gb  system_stm32f4xx.o [1]
APBAHBPrescTable        0x20000014   0x10  Data  Lc  stm32f4xx_rcc.o [1]
BusFault_Handler        0x080014bb    0x2  Code  Gb  stm32f4xx_it.o [1]
CAN1_RX0_IRQHandler     0x080015f7   0x94  Code  Gb  stm32f4xx_it.o [1]
CAN_ClearITPendingBit   0x08000b2d   0x6a  Code  Gb  stm32f4xx_can.o [1]
CAN_DeInit              0x0800071d   0x34  Code  Gb  stm32f4xx_can.o [1]
CAN_Error_Code          0x20000ab4    0x1  Data  Gb  CAN_Lib.o [1]
CAN_FilterInit          0x0800082f   0xb0  Code  Gb  stm32f4xx_can.o [1]
CAN_GetITStatus         0x08000a75   0xb8  Code  Gb  stm32f4xx_can.o [1]
CAN_GetLastErrorCode    0x08000a5d    0x8  Code  Gb  stm32f4xx_can.o [1]
CAN_ITConfig            0x08000a65   0x10  Code  Gb  stm32f4xx_can.o [1]
CAN_Init                0x08000751   0xde  Code  Gb  stm32f4xx_can.o [1]
CAN_Receive             0x080009dd   0x80  Code  Gb  stm32f4xx_can.o [1]
CAN_Transmit            0x080008df   0xb2  Code  Gb  stm32f4xx_can.o [1]
CAN_TransmitStatus      0x08000991   0x4c  Code  Gb  stm32f4xx_can.o [1]
CAN_init                0x0800179d   0xe4  Code  Gb  CAN_Lib.o [1]
CAN_send                0x08001881   0x6a  Code  Gb  CAN_Lib.o [1]
CSTACK$$Base            0x20000ad8          --   Gb  - Linker created -
CSTACK$$Limit           0x20002ad8          --   Gb  - Linker created -
DebugMon_Handler        0x080014bf    0x2  Code  Gb  stm32f4xx_it.o [1]
GPIO_Init               0x080018f9   0x72  Code  Gb  stm32f4xx_gpio.o [1]
GPIO_PinAFConfig        0x0800196b   0x28  Code  Gb  stm32f4xx_gpio.o [1]
HardFault_Handler       0x080014b7    0x2  Code  Gb  stm32f4xx_it.o [1]
MemManage_Handler       0x080014b9    0x2  Code  Gb  stm32f4xx_it.o [1]
NMI_Handler             0x080014b5    0x2  Code  Gb  stm32f4xx_it.o [1]
NVIC_Init               0x080012f9   0x5c  Code  Gb  misc.o [1]
PendSV_Handler          0x080014c3    0x2  Code  Gb  stm32f4xx_it.o [1]
RCC_AHB1PeriphClockCmd  0x08000c37   0x12  Code  Gb  stm32f4xx_rcc.o [1]
RCC_APB1PeriphClockCmd  0x08000c49   0x12  Code  Gb  stm32f4xx_rcc.o [1]
RCC_APB1PeriphResetCmd  0x08000c6d   0x12  Code  Gb  stm32f4xx_rcc.o [1]
RCC_APB2PeriphClockCmd  0x08000c5b   0x12  Code  Gb  stm32f4xx_rcc.o [1]
RCC_GetClocksFreq       0x08000bb5   0x82  Code  Gb  stm32f4xx_rcc.o [1]
ROV                     0x20000024  0xa74  Data  Gb  main.o [1]
ROV_Stream_VAR          0x0800176f   0x28  Code  Gb  communication_lib.o [1]
ROV_VAR_Init            0x08000ca1  0x1f0  Code  Gb  ROV.o [1]
Region$$Table$$Base     0x08001ba0          --   Gb  - Linker created -
Region$$Table$$Limit    0x08001bc4          --   Gb  - Linker created -
SVC_Handler             0x080014c1    0x2  Code  Gb  stm32f4xx_it.o [1]
SysTick_Handler         0x080014c5    0x2  Code  Gb  stm32f4xx_it.o [1]
SystemCoreClock         0x20000010    0x4  Data  Gb  system_stm32f4xx.o [1]
SystemInit              0x08001a99   0xc4  Code  Gb  system_stm32f4xx.o [1]
TIM1_TRG_COM_TIM11_IRQHandler
                        0x0800156f   0x2a  Code  Gb  stm32f4xx_it.o [1]
TIM1_UP_TIM10_IRQHandler
                        0x08001519   0x56  Code  Gb  stm32f4xx_it.o [1]
TIM8_TRG_COM_TIM14_IRQHandler
                        0x080015cd   0x2a  Code  Gb  stm32f4xx_it.o [1]
TIM8_UP_TIM13_IRQHandler
                        0x08001599   0x2a  Code  Gb  stm32f4xx_it.o [1]
TIM_ClearITPendingBit   0x080014a3    0x2  Code  Gb  stm32f4xx_tim.o [1]
TIM_Cmd                 0x080013d1   0x14  Code  Gb  stm32f4xx_tim.o [1]
TIM_GetCapture1         0x0800147b    0x4  Code  Gb  stm32f4xx_tim.o [1]
TIM_GetITStatus         0x0800148f   0x14  Code  Gb  stm32f4xx_tim.o [1]
TIM_ITConfig            0x0800147f   0x10  Code  Gb  stm32f4xx_tim.o [1]
TIM_Init                0x080010ad  0x24c  Code  Gb  Timing_lib.o [1]
TIM_OC1Init             0x080013e5   0x66  Code  Gb  stm32f4xx_tim.o [1]
TIM_OC1PreloadConfig    0x0800146d    0x6  Code  Gb  stm32f4xx_tim.o [1]
TIM_PrescalerConfig     0x080013cb    0x6  Code  Gb  stm32f4xx_tim.o [1]
TIM_SetCompare1         0x08001469    0x4  Code  Gb  stm32f4xx_tim.o [1]
TIM_TimeBaseInit        0x08001365   0x66  Code  Gb  stm32f4xx_tim.o [1]
Toggle_Var_Stream_State
                        0x08001739   0x36  Code  Gb  communication_lib.o [1]
TxMessage               0x20000aa0   0x14  Data  Gb  CAN_Lib.o [1]
UART4_IRQHandler        0x080014c7   0x16  Code  Gb  stm32f4xx_it.o [1]
USART2_IRQHandler       0x080014dd   0x3c  Code  Gb  stm32f4xx_it.o [1]
USART_ClearITPendingBit
                        0x08001069    0xa  Code  Gb  stm32f4xx_usart.o [1]
USART_Cmd               0x08000fc9   0x14  Code  Gb  stm32f4xx_usart.o [1]
USART_GetFlagStatus     0x0800101d    0xe  Code  Gb  stm32f4xx_usart.o [1]
USART_GetITStatus       0x0800102b   0x3e  Code  Gb  stm32f4xx_usart.o [1]
USART_ITConfig          0x08000fed   0x30  Code  Gb  stm32f4xx_usart.o [1]
USART_Init              0x08000f25   0x9a  Code  Gb  stm32f4xx_usart.o [1]
USART_ReceiveData       0x08000fe5    0x8  Code  Gb  stm32f4xx_usart.o [1]
USART_SendData          0x08000fdd    0x8  Code  Gb  stm32f4xx_usart.o [1]
USART_puts              0x08000e91   0x22  Code  Gb  ROV.o [1]
UsageFault_Handler      0x080014bd    0x2  Code  Gb  stm32f4xx_it.o [1]
_LitobSmall             0x08000525   0xce  Code  Lc  xprintfsmall.o [3]
_PrintfSmall            0x08000189  0x396  Code  Gb  xprintfsmall.o [3]
_PutcharsSmall          0x080005f3   0x2e  Code  Lc  xprintfsmall.o [3]
_SProut                 0x080014ab    0xa  Code  Gb  xsprout.o [3]
__cmain                 0x08001be1         Code  Gb  cmain.o [5]
__exit                  0x08001c11   0x14  Code  Gb  exit.o [6]
__iar_Memchr            0x080006c5         Code  Gb  memchr.o [5]
__iar_Strchr            0x08000629         Code  Gb  strchr.o [5]
__iar_copy_init3        0x0800063f   0x2e  Code  Gb  copy_init3.o [5]
__iar_data_init3        0x08001b79   0x28  Code  Gb  data_init.o [5]
__iar_init_vfp          0x08001bc5         Code  Gb  fpinit_M.o [4]
__iar_program_start     0x08001c35         Code  Gb  cstartup_M.o [5]
__iar_unaligned___aeabi_memcpy
                        0x080016c1         Code  Gb  ABImemcpy_unaligned.o [5]
__iar_unaligned___aeabi_memcpy4
                        0x080016e1         Code  Gb  ABImemcpy_unaligned.o [5]
__iar_unaligned___aeabi_memcpy8
                        0x080016e1         Code  Gb  ABImemcpy_unaligned.o [5]
__iar_zero_init3        0x080006a3   0x22  Code  Gb  zero_init3.o [5]
__low_level_init        0x08001bfb    0x4  Code  Gb  low_level_init.o [3]
__vector_table          0x08000000         Data  Gb  startup_stm32f4xx.o [1]
_call_main              0x08001bed         Code  Gb  cmain.o [5]
_exit                   0x08001c05         Code  Gb  cexit.o [5]
_main                   0x08001bf7         Code  Gb  cmain.o [5]
capture                 0x20000ab6    0x2  Data  Gb  stm32f4xx_it.o [1]
conv_f2c                0x08000eb5   0x4a  Code  Gb  ROV.o [1]
counter                 0x20000acc    0x4  Data  Gb  ROV.o [1]
error_can               0x20000ad0    0x1  Data  Gb  communication_lib.o [1]
exampl                  0x20000a98    0x8  Data  Gb  main.o [1]
exit                    0x08001bff    0x4  Code  Gb  exit.o [3]
f                       0x20000ab8    0x4  Data  Gb  stm32f4xx_it.o [1]
init_USART1             0x08001995   0xa0  Code  Gb  main.o [1]
main                    0x08001a35   0x4a  Code  Gb  main.o [1]
memchr                  0x080006c5         Code  Gb  memchr.o [5]
s                       0x20000ac0    0x4  Data  Gb  stm32f4xx_it.o [1]
sle7                    0x20000abc    0x1  Data  Gb  stm32f4xx_it.o [1]
sprintf                 0x08001079   0x34  Code  Gb  sprintf.o [3]
strchr                  0x08000629         Code  Gb  strchr.o [5]
strlen                  0x0800066d         Code  Gb  strlen.o [5]


[1] = C:\Users\TOUCHI\Desktop\PFE\STM Coding\ROV Project\Debug\Obj
[2] = command line
[3] = dl7M_tln.a
[4] = m7M_tlv.a
[5] = rt7M_tl.a
[6] = shb_l.a

   7 496 bytes of readonly  code memory
      72 bytes of readonly  data memory
  10 961 bytes of readwrite data memory

Errors: none
Warnings: none
